[1769348360.506][INFO]: Starting ChromeDriver 143.0.7499.192 (be2c1f4fd451578a9ada68a0ac12d659362b44bf-refs/branch-heads/7499@{#4083}) on port 41678
[1769348360.506][INFO]: Please see https://chromedriver.chromium.org/security-considerations for suggestions on keeping ChromeDriver safe.
[1769348360.512][INFO]: ChromeDriver was started successfully on port 41678
[1769348360.657][INFO]: [1e77314e97872a2af36918fc5b52ba15] COMMAND InitSession {
   "capabilities": {
      "firstMatch": [ {
         "browserName": "chrome",
         "goog:chromeOptions": {
            "args": [ "--remote-allow-origins=*" ],
            "binary": "C:\\Program Files\\Google\\Chrome\\Application\\chrome.exe",
            "extensions": [  ]
         },
         "goog:loggingPrefs": {
            "browser": "ALL",
            "driver": "ALL"
         }
      } ]
   }
}
[1769348360.659][INFO]: Populating Preferences file: {
   "alternate_error_pages": {
      "enabled": false
   },
   "autofill": {
      "enabled": false
   },
   "browser": {
      "check_default_browser": false
   },
   "distribution": {
      "import_bookmarks": false,
      "import_history": false,
      "import_search_engine": false,
      "make_chrome_default_for_user": false,
      "skip_first_run_ui": true
   },
   "dns_prefetching": {
      "enabled": false
   },
   "profile": {
      "content_settings": {
         "pattern_pairs": {
            "https://*,*": {
               "media-stream": {
                  "audio": "Default",
                  "video": "Default"
               }
            }
         }
      },
      "default_content_setting_values": {
         "geolocation": 1
      },
      "default_content_settings": {
         "geolocation": 1,
         "mouselock": 1,
         "notifications": 1,
         "popups": 1,
         "ppapi-broker": 1
      },
      "password_manager_enabled": false
   },
   "safebrowsing": {
      "enabled": false
   },
   "search": {
      "suggest_enabled": false
   },
   "translate": {
      "enabled": false
   }
}
[1769348360.659][INFO]: Populating Local State file: {
   "background_mode": {
      "enabled": false
   },
   "ssl": {
      "rev_checking": {
         "enabled": false
      }
   }
}
[1769348360.661][INFO]: ChromeDriver supports communication with Chrome via pipes. This is more reliable and more secure.
[1769348360.661][INFO]: Use the --remote-debugging-pipe Chrome switch instead of the default --remote-debugging-port to enable this communication mode.
[1769348360.662][INFO]: Launching chrome: "C:\Program Files\Google\Chrome\Application\chrome.exe" --allow-pre-commit-input --disable-background-networking --disable-backgrounding-occluded-windows --disable-client-side-phishing-detection --disable-default-apps --disable-features=IgnoreDuplicateNavs,Prewarm --disable-hang-monitor --disable-popup-blocking --disable-prompt-on-repost --disable-sync --enable-automation --enable-logging --log-level=0 --no-first-run --no-service-autorun --password-store=basic --remote-allow-origins=* --remote-debugging-port=0 --test-type=webdriver --use-mock-keychain --user-data-dir="C:\Users\aksha\AppData\Local\Temp\scoped_dir28372_808814206" data:,
[1769348361.268][INFO]: resolved localhost to ["::1","127.0.0.1"]
[1769348361.273][INFO]: [1e77314e97872a2af36918fc5b52ba15] RESPONSE InitSession {
   "capabilities": {
      "acceptInsecureCerts": false,
      "browserName": "chrome",
      "browserVersion": "143.0.7499.194",
      "chrome": {
         "chromedriverVersion": "143.0.7499.192 (be2c1f4fd451578a9ada68a0ac12d659362b44bf-refs/branch-heads/7499@{#4083})",
         "userDataDir": "C:\\Users\\aksha\\AppData\\Local\\Temp\\scoped_dir28372_808814206"
      },
      "fedcm:accounts": true,
      "goog:chromeOptions": {
         "debuggerAddress": "localhost:52847"
      },
      "goog:processID": 32984,
      "networkConnectionEnabled": false,
      "pageLoadStrategy": "normal",
      "platformName": "windows",
      "proxy": {
      },
      "setWindowRect": true,
      "strictFileInteractability": false,
      "timeouts": {
         "implicit": 0,
         "pageLoad": 300000,
         "script": 30000
      },
      "unhandledPromptBehavior": "dismiss and notify",
      "webauthn:extension:credBlob": true,
      "webauthn:extension:largeBlob": true,
      "webauthn:extension:minPinLength": true,
      "webauthn:extension:prf": true,
      "~~~": "..."
   },
   "sessionId": "1e77314e97872a2af36918fc5b52ba15"
}
[1769348361.442][INFO]: [1e77314e97872a2af36918fc5b52ba15] COMMAND MaximizeWindow {
}
[1769348361.442][INFO]: Waiting for pending navigations...
[1769348361.450][INFO]: Done waiting for pending navigations. Status: ok
[1769348361.475][INFO]: Waiting for pending navigations...
[1769348361.475][INFO]: Done waiting for pending navigations. Status: ok
[1769348361.475][INFO]: [1e77314e97872a2af36918fc5b52ba15] RESPONSE MaximizeWindow {
   "height": 688,
   "width": 1296,
   "x": -7,
   "y": -7
}
[1769348361.487][INFO]: [1e77314e97872a2af36918fc5b52ba15] COMMAND Navigate {
   "url": "https://www.youtube.com/"
}
[1769348361.487][INFO]: Waiting for pending navigations...
[1769348361.488][INFO]: Done waiting for pending navigations. Status: ok
[1769348362.002][INFO]: Waiting for pending navigations...
[1769348365.377][INFO]: Done waiting for pending navigations. Status: ok
[1769348365.377][INFO]: [1e77314e97872a2af36918fc5b52ba15] RESPONSE Navigate
[1769348365.423][INFO]: [1e77314e97872a2af36918fc5b52ba15] COMMAND GetUrl {
}
[1769348365.423][INFO]: Waiting for pending navigations...
[1769348365.490][INFO]: Done waiting for pending navigations. Status: ok
[1769348365.520][INFO]: Waiting for pending navigations...
[1769348365.528][INFO]: Done waiting for pending navigations. Status: ok
[1769348365.529][INFO]: [1e77314e97872a2af36918fc5b52ba15] RESPONSE GetUrl "https://www.youtube.com/"
[1769348365.543][INFO]: [1e77314e97872a2af36918fc5b52ba15] COMMAND FindElement {
   "using": "xpath",
   "value": "(//yt-icon-button[@id='guide-button'])[1]//button"
}
[1769348365.543][INFO]: Waiting for pending navigations...
[1769348365.547][INFO]: Done waiting for pending navigations. Status: ok
[1769348365.606][INFO]: Waiting for pending navigations...
[1769348365.622][INFO]: Done waiting for pending navigations. Status: ok
[1769348365.623][INFO]: [1e77314e97872a2af36918fc5b52ba15] RESPONSE FindElement {
   "element-6066-11e4-a52e-4f735466cecf": "f.09643D26C980EE3F9243D89232E1DC50.d.91B69720E6FAF7BFCD81ED5199302A5F.e.14"
}
[1769348365.640][INFO]: [1e77314e97872a2af36918fc5b52ba15] COMMAND ExecuteScript {
   "args": [ {
      "element-6066-11e4-a52e-4f735466cecf": "f.09643D26C980EE3F9243D89232E1DC50.d.91B69720E6FAF7BFCD81ED5199302A5F.e.14"
   } ],
   "script": "arguments[0].scrollIntoView(true);"
}
[1769348365.641][INFO]: Waiting for pending navigations...
[1769348365.647][INFO]: Done waiting for pending navigations. Status: ok
[1769348365.694][INFO]: Waiting for pending navigations...
[1769348365.704][INFO]: Done waiting for pending navigations. Status: ok
[1769348365.704][INFO]: [1e77314e97872a2af36918fc5b52ba15] RESPONSE ExecuteScript null
[1769348365.716][INFO]: [1e77314e97872a2af36918fc5b52ba15] COMMAND ClickElement {
   "id": "f.09643D26C980EE3F9243D89232E1DC50.d.91B69720E6FAF7BFCD81ED5199302A5F.e.14"
}
[1769348365.716][INFO]: Waiting for pending navigations...
[1769348365.720][INFO]: Done waiting for pending navigations. Status: ok
[1769348366.133][INFO]: Waiting for pending navigations...
[1769348366.139][INFO]: Done waiting for pending navigations. Status: ok
[1769348366.139][INFO]: [1e77314e97872a2af36918fc5b52ba15] RESPONSE ClickElement
[1769348368.150][INFO]: [1e77314e97872a2af36918fc5b52ba15] COMMAND FindElement {
   "using": "xpath",
   "value": "//div[@id='guide-links-primary']//a[contains(text(),'About')]"
}
[1769348368.150][INFO]: Waiting for pending navigations...
[1769348368.151][INFO]: Done waiting for pending navigations. Status: ok
[1769348368.176][INFO]: Waiting for pending navigations...
[1769348368.179][INFO]: Done waiting for pending navigations. Status: ok
[1769348368.180][INFO]: [1e77314e97872a2af36918fc5b52ba15] RESPONSE FindElement {
   "element-6066-11e4-a52e-4f735466cecf": "f.09643D26C980EE3F9243D89232E1DC50.d.91B69720E6FAF7BFCD81ED5199302A5F.e.17"
}
[1769348368.186][INFO]: [1e77314e97872a2af36918fc5b52ba15] COMMAND ExecuteScript {
   "args": [ {
      "element-6066-11e4-a52e-4f735466cecf": "f.09643D26C980EE3F9243D89232E1DC50.d.91B69720E6FAF7BFCD81ED5199302A5F.e.17"
   } ],
   "script": "arguments[0].scrollIntoView(true);"
}
[1769348368.186][INFO]: Waiting for pending navigations...
[1769348368.187][INFO]: Done waiting for pending navigations. Status: ok
[1769348368.193][INFO]: Waiting for pending navigations...
[1769348368.198][INFO]: Done waiting for pending navigations. Status: ok
[1769348368.198][INFO]: [1e77314e97872a2af36918fc5b52ba15] RESPONSE ExecuteScript null
[1769348368.210][INFO]: [1e77314e97872a2af36918fc5b52ba15] COMMAND ClickElement {
   "id": "f.09643D26C980EE3F9243D89232E1DC50.d.91B69720E6FAF7BFCD81ED5199302A5F.e.17"
}
[1769348368.210][INFO]: Waiting for pending navigations...
[1769348368.214][INFO]: Done waiting for pending navigations. Status: ok
[1769348368.460][INFO]: Waiting for pending navigations...
[1769348370.663][INFO]: Done waiting for pending navigations. Status: ok
[1769348370.663][INFO]: [1e77314e97872a2af36918fc5b52ba15] RESPONSE ClickElement
[1769348372.678][INFO]: [1e77314e97872a2af36918fc5b52ba15] COMMAND FindElement {
   "using": "xpath",
   "value": "//section[@class='ytabout__content']"
}
[1769348372.679][INFO]: Waiting for pending navigations...
[1769348372.680][INFO]: Done waiting for pending navigations. Status: ok
[1769348372.700][INFO]: Waiting for pending navigations...
[1769348372.701][INFO]: Done waiting for pending navigations. Status: ok
[1769348372.701][INFO]: [1e77314e97872a2af36918fc5b52ba15] RESPONSE FindElement {
   "element-6066-11e4-a52e-4f735466cecf": "f.09643D26C980EE3F9243D89232E1DC50.d.2DDCA25FBFE04D63DBAC491BFB905389.e.3"
}
[1769348372.706][INFO]: [1e77314e97872a2af36918fc5b52ba15] COMMAND GetElementText {
   "id": "f.09643D26C980EE3F9243D89232E1DC50.d.2DDCA25FBFE04D63DBAC491BFB905389.e.3"
}
[1769348372.707][INFO]: Waiting for pending navigations...
[1769348372.708][INFO]: Done waiting for pending navigations. Status: ok
[1769348372.733][INFO]: Waiting for pending navigations...
[1769348372.734][INFO]: Done waiting for pending navigations. Status: ok
[1769348372.734][INFO]: [1e77314e97872a2af36918fc5b52ba15] RESPONSE GetElementText "About YouTube\nOur mission is to give everyone a voice and show them the world.\nWe believe that everyone deserves to have a voice, and that the world is a better place when we listen, share and buil..."
[1769348372.741][INFO]: [1e77314e97872a2af36918fc5b52ba15] COMMAND Navigate {
   "url": "https://www.youtube.com/"
}
[1769348372.741][INFO]: Waiting for pending navigations...
[1769348372.743][INFO]: Done waiting for pending navigations. Status: ok
[1769348372.973][INFO]: Waiting for pending navigations...
[1769348376.060][INFO]: Done waiting for pending navigations. Status: ok
[1769348376.060][INFO]: [1e77314e97872a2af36918fc5b52ba15] RESPONSE Navigate
[1769348376.068][INFO]: [1e77314e97872a2af36918fc5b52ba15] COMMAND GetUrl {
}
[1769348376.068][INFO]: Waiting for pending navigations...
[1769348376.071][INFO]: Done waiting for pending navigations. Status: ok
[1769348376.077][INFO]: Waiting for pending navigations...
[1769348376.079][INFO]: Done waiting for pending navigations. Status: ok
[1769348376.079][INFO]: [1e77314e97872a2af36918fc5b52ba15] RESPONSE GetUrl "https://www.youtube.com/"
[1769348376.086][INFO]: [1e77314e97872a2af36918fc5b52ba15] COMMAND FindElement {
   "using": "xpath",
   "value": "(//yt-icon-button[@id='guide-button'])[1]//button"
}
[1769348376.086][INFO]: Waiting for pending navigations...
[1769348376.088][INFO]: Done waiting for pending navigations. Status: ok
[1769348376.120][INFO]: Waiting for pending navigations...
[1769348376.140][INFO]: Done waiting for pending navigations. Status: ok
[1769348376.140][INFO]: [1e77314e97872a2af36918fc5b52ba15] RESPONSE FindElement {
   "element-6066-11e4-a52e-4f735466cecf": "f.09643D26C980EE3F9243D89232E1DC50.d.83987DE84D3BEF92395170404C21904A.e.15"
}
[1769348376.148][INFO]: [1e77314e97872a2af36918fc5b52ba15] COMMAND ExecuteScript {
   "args": [ {
      "element-6066-11e4-a52e-4f735466cecf": "f.09643D26C980EE3F9243D89232E1DC50.d.83987DE84D3BEF92395170404C21904A.e.15"
   } ],
   "script": "arguments[0].scrollIntoView(true);"
}
[1769348376.148][INFO]: Waiting for pending navigations...
[1769348376.152][INFO]: Done waiting for pending navigations. Status: ok
[1769348376.181][INFO]: Waiting for pending navigations...
[1769348376.182][INFO]: Done waiting for pending navigations. Status: ok
[1769348376.182][INFO]: [1e77314e97872a2af36918fc5b52ba15] RESPONSE ExecuteScript null
[1769348376.187][INFO]: [1e77314e97872a2af36918fc5b52ba15] COMMAND ClickElement {
   "id": "f.09643D26C980EE3F9243D89232E1DC50.d.83987DE84D3BEF92395170404C21904A.e.15"
}
[1769348376.187][INFO]: Waiting for pending navigations...
[1769348376.188][INFO]: Done waiting for pending navigations. Status: ok
[1769348376.539][INFO]: Waiting for pending navigations...
[1769348376.546][INFO]: Done waiting for pending navigations. Status: ok
[1769348376.546][INFO]: [1e77314e97872a2af36918fc5b52ba15] RESPONSE ClickElement
[1769348378.563][INFO]: [1e77314e97872a2af36918fc5b52ba15] COMMAND FindElement {
   "using": "xpath",
   "value": "(//div[@id='items'])[2]//yt-formatted-string[contains(text(),'Movies')]"
}
[1769348378.563][INFO]: Waiting for pending navigations...
[1769348378.564][INFO]: Done waiting for pending navigations. Status: ok
[1769348378.584][INFO]: Waiting for pending navigations...
[1769348378.585][INFO]: Done waiting for pending navigations. Status: ok
[1769348378.585][INFO]: [1e77314e97872a2af36918fc5b52ba15] RESPONSE FindElement {
   "element-6066-11e4-a52e-4f735466cecf": "f.09643D26C980EE3F9243D89232E1DC50.d.83987DE84D3BEF92395170404C21904A.e.17"
}
[1769348378.591][INFO]: [1e77314e97872a2af36918fc5b52ba15] COMMAND ExecuteScript {
   "args": [ {
      "element-6066-11e4-a52e-4f735466cecf": "f.09643D26C980EE3F9243D89232E1DC50.d.83987DE84D3BEF92395170404C21904A.e.17"
   } ],
   "script": "arguments[0].scrollIntoView(true);"
}
[1769348378.591][INFO]: Waiting for pending navigations...
[1769348378.592][INFO]: Done waiting for pending navigations. Status: ok
[1769348378.599][INFO]: Waiting for pending navigations...
[1769348378.602][INFO]: Done waiting for pending navigations. Status: ok
[1769348378.602][INFO]: [1e77314e97872a2af36918fc5b52ba15] RESPONSE ExecuteScript null
[1769348378.607][INFO]: [1e77314e97872a2af36918fc5b52ba15] COMMAND ClickElement {
   "id": "f.09643D26C980EE3F9243D89232E1DC50.d.83987DE84D3BEF92395170404C21904A.e.17"
}
[1769348378.608][INFO]: Waiting for pending navigations...
[1769348378.614][INFO]: Done waiting for pending navigations. Status: ok
[1769348378.835][INFO]: Waiting for pending navigations...
[1769348378.854][INFO]: Done waiting for pending navigations. Status: ok
[1769348378.854][INFO]: [1e77314e97872a2af36918fc5b52ba15] RESPONSE ClickElement
[1769348380.862][INFO]: [1e77314e97872a2af36918fc5b52ba15] COMMAND FindElement {
   "using": "xpath",
   "value": "//div[@id='right-arrow']//yt-button-shape"
}
[1769348380.866][INFO]: Waiting for pending navigations...
[1769348380.871][INFO]: Done waiting for pending navigations. Status: ok
[1769348380.897][INFO]: Waiting for pending navigations...
[1769348380.898][INFO]: Done waiting for pending navigations. Status: ok
[1769348380.898][INFO]: [1e77314e97872a2af36918fc5b52ba15] RESPONSE FindElement {
   "element-6066-11e4-a52e-4f735466cecf": "f.09643D26C980EE3F9243D89232E1DC50.d.83987DE84D3BEF92395170404C21904A.e.34"
}
[1769348380.903][INFO]: [1e77314e97872a2af36918fc5b52ba15] COMMAND ExecuteScript {
   "args": [ {
      "element-6066-11e4-a52e-4f735466cecf": "f.09643D26C980EE3F9243D89232E1DC50.d.83987DE84D3BEF92395170404C21904A.e.34"
   } ],
   "script": "arguments[0].scrollIntoView(true);"
}
[1769348380.903][INFO]: Waiting for pending navigations...
[1769348380.905][INFO]: Done waiting for pending navigations. Status: ok
[1769348380.911][INFO]: Waiting for pending navigations...
[1769348380.912][INFO]: Done waiting for pending navigations. Status: ok
[1769348380.912][INFO]: [1e77314e97872a2af36918fc5b52ba15] RESPONSE ExecuteScript null
[1769348380.917][INFO]: [1e77314e97872a2af36918fc5b52ba15] COMMAND ClickElement {
   "id": "f.09643D26C980EE3F9243D89232E1DC50.d.83987DE84D3BEF92395170404C21904A.e.34"
}
[1769348380.917][INFO]: Waiting for pending navigations...
[1769348380.918][INFO]: Done waiting for pending navigations. Status: ok
[1769348381.219][INFO]: Waiting for pending navigations...
[1769348381.245][INFO]: Done waiting for pending navigations. Status: ok
[1769348381.245][INFO]: [1e77314e97872a2af36918fc5b52ba15] RESPONSE ClickElement
[1769348381.251][INFO]: [1e77314e97872a2af36918fc5b52ba15] COMMAND ClickElement {
   "id": "f.09643D26C980EE3F9243D89232E1DC50.d.83987DE84D3BEF92395170404C21904A.e.34"
}
[1769348381.251][INFO]: Waiting for pending navigations...
[1769348381.273][INFO]: Done waiting for pending navigations. Status: ok
[1769348381.667][INFO]: Waiting for pending navigations...
[1769348381.672][INFO]: Done waiting for pending navigations. Status: ok
[1769348381.672][INFO]: [1e77314e97872a2af36918fc5b52ba15] RESPONSE ClickElement
[1769348381.682][INFO]: [1e77314e97872a2af36918fc5b52ba15] COMMAND ClickElement {
   "id": "f.09643D26C980EE3F9243D89232E1DC50.d.83987DE84D3BEF92395170404C21904A.e.34"
}
[1769348381.682][INFO]: Waiting for pending navigations...
[1769348381.683][INFO]: Done waiting for pending navigations. Status: ok
[1769348381.816][INFO]: Waiting for pending navigations...
[1769348381.824][INFO]: Done waiting for pending navigations. Status: ok
[1769348381.824][INFO]: [1e77314e97872a2af36918fc5b52ba15] RESPONSE ClickElement
[1769348385.842][INFO]: [1e77314e97872a2af36918fc5b52ba15] COMMAND FindElement {
   "using": "xpath",
   "value": "((//ytd-grid-movie-renderer[@class='style-scope yt-horizontal-list-renderer'])[16]//descendant::span[@class='grid-movie-renderer-metadata style-scope ytd-grid-movie-renderer'])"
}
[1769348385.843][INFO]: Waiting for pending navigations...
[1769348385.844][INFO]: Done waiting for pending navigations. Status: ok
[1769348385.862][INFO]: Waiting for pending navigations...
[1769348385.864][INFO]: Done waiting for pending navigations. Status: ok
[1769348385.864][INFO]: [1e77314e97872a2af36918fc5b52ba15] RESPONSE FindElement {
   "element-6066-11e4-a52e-4f735466cecf": "f.09643D26C980EE3F9243D89232E1DC50.d.83987DE84D3BEF92395170404C21904A.e.40"
}
[1769348385.886][INFO]: [1e77314e97872a2af36918fc5b52ba15] COMMAND ExecuteScript {
   "args": [ {
      "element-6066-11e4-a52e-4f735466cecf": "f.09643D26C980EE3F9243D89232E1DC50.d.83987DE84D3BEF92395170404C21904A.e.40"
   } ],
   "script": "/* isDisplayed */return (function(){return (function(){var g=this||self;\nfunction aa(a){var b=typeof a;if(\"object\"==b)if(a){if(a instanceof Array)return\"array\";if(a instanceof Object)return b;var c=Object.prototype.toString.call(a);if(\"[object Window]\"==c)return\"object\";if(\"[object Array]\"==c||\"number\"==typeof a.length&&\"undefined\"!=typeof a.splice&&\"undefined\"!=typeof a.propertyIsEnumerable&&!a.propertyIsEnumerable(\"splice\"))return\"array\";if(\"[object Function]\"==c||\"undefined\"!=typeof a.call&&\"undefined\"!=typeof a.propertyIsEnumerable&&!a.propertyIsEnumerable(\"call\"))return\"function\"}else return\"null\";else if(\"function\"==\nb&&\"undefined\"==typeof a.call)return\"object\";return b}function ca(a,b){function c(){}c.prototype=b.prototype;a.prototype=new c;a.prototype.constructor=a};var da=Array.prototype.indexOf?function(a,b){return Array.prototype.indexOf.call(a,b,void 0)}:function(a,b){if(\"string\"===typeof a)return\"string\"!==typeof b||1!=b.length?-1:a.indexOf(b,0);for(var c=0;c\u003Ca.length;c++)if(c in a&&a[c]===b)return c;return-1},ea=Array.prototype.some?function(a,b){return Array.prototype.some.call(a,b,void 0)}:function(a,b){for(var c=a.length,e=\"string\"===typeof a?a.split(\"\"):a,d=0;d\u003Cc;d++)if(d in e&&b.call(void 0,e[d],d,a))return!0;return!1},fa=Array.prototype.every?function(a,\nb){return Array.prototype.every.call(a,b,void 0)}:function(a,b){for(var c=a.length,e=\"string\"===typeof a?a.split(\"\"):a,d=0;d\u003Cc;d++)if(d in e&&!b.call(void 0,e[d],d,a))return!1;return!0};var ha={aliceblue:\"#f0f8ff\",antiquewhite:\"#faebd7\",aqua:\"#00ffff\",aquamarine:\"#7fffd4\",azure:\"#f0ffff\",beige:\"#f5f5dc\",bisque:\"#ffe4c4\",black:\"#000000\",blanchedalmond:\"#ffebcd\",blue:\"#0000ff\",blueviolet:\"#8a2be2\",brown:\"#a52a2a\",burlywood:\"#deb887\",cadetblue:\"#5f9ea0\",chartreuse:\"#7fff00\",chocolate:\"#d2691e\",coral:\"#ff7f50\",cornflowerblue:\"#6495ed\",cornsilk:\"#fff8dc\",crimson:\"#dc143c\",cyan:\"#00ffff\",darkblue:\"#00008b\",darkcyan:\"#008b8b\",darkgoldenrod:\"#b8860b\",darkgray:\"#a9a9a9\",darkgreen:\"#006400\",\ndarkgrey:\"#a9a9a9\",darkkhaki:\"#bdb76b\",darkmagenta:\"#8b008b\",darkolivegreen:\"#556b2f\",darkorange:\"#ff8c00\",darkorchid:\"#9932cc\",darkred:\"#8b0000\",darksalmon:\"#e9967a\",darkseagreen:\"#8fbc8f\",darkslateblue:\"#483d8b\",darkslategray:\"#2f4f4f\",darkslategrey:\"#2f4f4f\",darkturquoise:\"#00ced1\",darkviolet:\"#9400d3\",deeppink:\"#ff1493\",deepskyblue:\"#00bfff\",dimgray:\"#696969\",dimgrey:\"#696969\",dodgerblue:\"#1e90ff\",firebrick:\"#b22222\",floralwhite:\"#fffaf0\",forestgreen:\"#228b22\",fuchsia:\"#ff00ff\",gainsboro:\"#dcdcdc\",\nghostwhite:\"#f8f8ff\",gold:\"#ffd700\",goldenrod:\"#daa520\",gray:\"#808080\",green:\"#008000\",greenyellow:\"#adff2f\",grey:\"#808080\",honeydew:\"#f0fff0\",hotpink:\"#ff69b4\",indianred:\"#cd5c5c\",indigo:\"#4b0082\",ivory:\"#fffff0\",khaki:\"#f0e68c\",lavender:\"#e6e6fa\",lavenderblush:\"#fff0f5\",lawngreen:\"#7cfc00\",lemonchiffon:\"#fffacd\",lightblue:\"#add8e6\",lightcoral:\"#f08080\",lightcyan:\"#e0ffff\",lightgoldenrodyellow:\"#fafad2\",lightgray:\"#d3d3d3\",lightgreen:\"#90ee90\",lightgrey:\"#d3d3d3\",lightpink:\"#ffb6c1\",lightsalmon:\"#ffa07a\",\nlightseagreen:\"#20b2aa\",lightskyblue:\"#87cefa\",lightslategray:\"#778899\",lightslategrey:\"#778899\",lightsteelblue:\"#b0c4de\",lightyellow:\"#ffffe0\",lime:\"#00ff00\",limegreen:\"#32cd32\",linen:\"#faf0e6\",magenta:\"#ff00ff\",maroon:\"#800000\",mediumaquamarine:\"#66cdaa\",mediumblue:\"#0000cd\",mediumorchid:\"#ba55d3\",mediumpurple:\"#9370db\",mediumseagreen:\"#3cb371\",mediumslateblue:\"#7b68ee\",mediumspringgreen:\"#00fa9a\",mediumturquoise:\"#48d1cc\",mediumvioletred:\"#c71585\",midnightblue:\"#191970\",mintcream:\"#f5fffa\",mistyrose:\"#ffe4e1\",\nmoccasin:\"#ffe4b5\",navajowhite:\"#ffdead\",navy:\"#000080\",oldlace:\"#fdf5e6\",olive:\"#808000\",olivedrab:\"#6b8e23\",orange:\"#ffa500\",orangered:\"#ff4500\",orchid:\"#da70d6\",palegoldenrod:\"#eee8aa\",palegreen:\"#98fb98\",paleturquoise:\"#afeeee\",palevioletred:\"#db7093\",papayawhip:\"#ffefd5\",peachpuff:\"#ffdab9\",peru:\"#cd853f\",pink:\"#ffc0cb\",plum:\"#dda0dd\",powderblue:\"#b0e0e6\",purple:\"#800080\",red:\"#ff0000\",rosybrown:\"#bc8f8f\",royalblue:\"#4169e1\",saddlebrown:\"#8b4513\",salmon:\"#fa8072\",sandybrown:\"#f4a460\",seagreen:\"#2e8b57\",\nseashell:\"#fff5ee\",sienna:\"#a0522d\",silver:\"#c0c0c0\",skyblue:\"#87ceeb\",slateblue:\"#6a5acd\",slategray:\"#708090\",slategrey:\"#708090\",snow:\"#fffafa\",springgreen:\"#00ff7f\",steelblue:\"#4682b4\",tan:\"#d2b48c\",teal:\"#008080\",thistle:\"#d8bfd8\",tomato:\"#ff6347\",turquoise:\"#40e0d0\",violet:\"#ee82ee\",wheat:\"#f5deb3\",white:\"#ffffff\",whitesmoke:\"#f5f5f5\",yellow:\"#ffff00\",yellowgreen:\"#9acd32\"};var ia=\"backgroundColor borderTopColor borderRightColor borderBottomColor borderLeftColor color outlineColor\".split(\" \"),ja=/#([0-9a-fA-F])([0-9a-fA-F])([0-9a-fA-F])/,ka=/^#(?:[0-9a-f]{3}){1,2}$/i,la=/^(?:rgba)?\\((\\d{1,3}),\\s?(\\d{1,3}),\\s?(\\d{1,3}),\\s?(0|1|0\\.\\d*)\\)$/i,ma=/^(?:rgb)?\\((0|[1-9]\\d{0,2}),\\s?(0|[1-9]\\d{0,2}),\\s?(0|[1-9]\\d{0,2})\\)$/i;function m(a,b){this.code=a;this.a=p[a]||r;this.message=b||\"\";a=this.a.replace(/((?:^|\\s+)[a-z])/g,function(c){return c.toUpperCase().replace(/^[\\s\\xa0]+/g,\"\")});b=a.length-5;if(0>b||a.indexOf(\"Error\",b)!=b)a+=\"Error\";this.name=a;a=Error(this.message);a.name=this.name;this.stack=a.stack||\"\"}ca(m,Error);var r=\"unknown error\",p={15:\"element not selectable\",11:\"element not visible\"};p[31]=r;p[30]=r;p[24]=\"invalid cookie domain\";p[29]=\"invalid element coordinates\";p[12]=\"invalid element state\";\np[32]=\"invalid selector\";p[51]=\"invalid selector\";p[52]=\"invalid selector\";p[17]=\"javascript error\";p[405]=\"unsupported operation\";p[34]=\"move target out of bounds\";p[27]=\"no such alert\";p[7]=\"no such element\";p[8]=\"no such frame\";p[23]=\"no such window\";p[28]=\"script timeout\";p[33]=\"session not created\";p[10]=\"stale element reference\";p[21]=\"timeout\";p[25]=\"unable to set cookie\";p[26]=\"unexpected alert open\";p[13]=r;p[9]=\"unknown command\";var u=String.prototype.trim?function(a){return a.trim()}:function(a){return/^[\\s\\xa0]*([\\s\\S]*?)[\\s\\xa0]*$/.exec(a)[1]};\nfunction na(a,b){var c=0;a=u(String(a)).split(\".\");b=u(String(b)).split(\".\");for(var e=Math.max(a.length,b.length),d=0;0==c&&d\u003Ce;d++){var f=a[d]||\"\",h=b[d]||\"\";do{f=/(\\d*)(\\D*)(.*)/.exec(f)||[\"\",\"\",\"\",\"\"];h=/(\\d*)(\\D*)(.*)/.exec(h)||[\"\",\"\",\"\",\"\"];if(0==f[0].length&&0==h[0].length)break;c=v(0==f[1].length?0:parseInt(f[1],10),0==h[1].length?0:parseInt(h[1],10))||v(0==f[2].length,0==h[2].length)||v(f[2],h[2]);f=f[3];h=h[3]}while(0==c)}return c}function v(a,b){return a\u003Cb?-1:a>b?1:0};var w;a:{var oa=g.navigator;if(oa){var sa=oa.userAgent;if(sa){w=sa;break a}}w=\"\"}function x(a){return-1!=w.indexOf(a)};function y(){return x(\"Firefox\")||x(\"FxiOS\")}function A(){return(x(\"Chrome\")||x(\"CriOS\"))&&!x(\"Edge\")};function ta(a){return String(a).replace(/\\-([a-z])/g,function(b,c){return c.toUpperCase()})};function B(){return x(\"iPhone\")&&!x(\"iPod\")&&!x(\"iPad\")};function ua(a,b){var c=va;return Object.prototype.hasOwnProperty.call(c,a)?c[a]:c[a]=b(a)};var wa=x(\"Opera\"),C=x(\"Trident\")||x(\"MSIE\"),xa=x(\"Edge\"),ya=x(\"Gecko\")&&!(-1!=w.toLowerCase().indexOf(\"webkit\")&&!x(\"Edge\"))&&!(x(\"Trident\")||x(\"MSIE\"))&&!x(\"Edge\"),za=-1!=w.toLowerCase().indexOf(\"webkit\")&&!x(\"Edge\");function Aa(){var a=g.document;return a?a.documentMode:void 0}var E;\na:{var F=\"\",G=function(){var a=w;if(ya)return/rv:([^\\);]+)(\\)|;)/.exec(a);if(xa)return/Edge\\/([\\d\\.]+)/.exec(a);if(C)return/\\b(?:MSIE|rv)[: ]([^\\);]+)(\\)|;)/.exec(a);if(za)return/WebKit\\/(\\S+)/.exec(a);if(wa)return/(?:Version)[ \\/]?(\\S+)/.exec(a)}();G&&(F=G?G[1]:\"\");if(C){var H=Aa();if(null!=H&&H>parseFloat(F)){E=String(H);break a}}E=F}var va={};function Ba(a){return ua(a,function(){return 0\u003C=na(E,a)})}var I;I=g.document&&C?Aa():void 0;var Ca=y(),Da=B()||x(\"iPod\"),Ea=x(\"iPad\"),Fa=x(\"Android\")&&!(A()||y()||x(\"Opera\")||x(\"Silk\")),Ga=A(),Ha=x(\"Safari\")&&!(A()||x(\"Coast\")||x(\"Opera\")||x(\"Edge\")||x(\"Edg/\")||x(\"OPR\")||y()||x(\"Silk\")||x(\"Android\"))&&!(B()||x(\"iPad\")||x(\"iPod\"));function J(a){return(a=a.exec(w))?a[1]:\"\"}(function(){if(Ca)return J(/Firefox\\/([0-9.]+)/);if(C||xa||wa)return E;if(Ga)return B()||x(\"iPad\")||x(\"iPod\")?J(/CriOS\\/([0-9.]+)/):J(/Chrome\\/([0-9.]+)/);if(Ha&&!(B()||x(\"iPad\")||x(\"iPod\")))return J(/Version\\/([0-9.]+)/);if(Da||Ea){var a=/Version\\/(\\S+).*Mobile\\/(\\S+)/.exec(w);if(a)return a[1]+\".\"+a[2]}else if(Fa)return(a=J(/Android\\s+([0-9.]+)/))?a:J(/Version\\/([0-9.]+)/);return\"\"})();var K;if(K=C)K=!(9\u003C=Number(I));var Ia=K;function L(a,b){this.x=void 0!==a?a:0;this.y=void 0!==b?b:0}L.prototype.ceil=function(){this.x=Math.ceil(this.x);this.y=Math.ceil(this.y);return this};L.prototype.floor=function(){this.x=Math.floor(this.x);this.y=Math.floor(this.y);return this};L.prototype.round=function(){this.x=Math.round(this.x);this.y=Math.round(this.y);return this};function M(a,b){this.width=a;this.height=b}M.prototype.aspectRatio=function(){return this.width/this.height};M.prototype.ceil=function(){this.width=Math.ceil(this.width);this.height=Math.ceil(this.height);return this};M.prototype.floor=function(){this.width=Math.floor(this.width);this.height=Math.floor(this.height);return this};M.prototype.round=function(){this.width=Math.round(this.width);this.height=Math.round(this.height);return this};function N(a){return 9==a.nodeType?a:a.ownerDocument||a.document}function Ja(a,b){a&&(a=a.parentNode);for(var c=0;a;){if(b(a))return a;a=a.parentNode;c++}return null}function Ka(a){this.a=a||g.document||document};function P(a,b){b&&\"string\"!==typeof b&&(b=b.toString());return!!a&&1==a.nodeType&&(!b||a.tagName.toUpperCase()==b)};function Q(a,b,c,e){this.f=a;this.a=b;this.b=c;this.c=e}Q.prototype.ceil=function(){this.f=Math.ceil(this.f);this.a=Math.ceil(this.a);this.b=Math.ceil(this.b);this.c=Math.ceil(this.c);return this};Q.prototype.floor=function(){this.f=Math.floor(this.f);this.a=Math.floor(this.a);this.b=Math.floor(this.b);this.c=Math.floor(this.c);return this};Q.prototype.round=function(){this.f=Math.round(this.f);this.a=Math.round(this.a);this.b=Math.round(this.b);this.c=Math.round(this.c);return this};function R(a,b,c,e){this.a=a;this.b=b;this.width=c;this.height=e}R.prototype.ceil=function(){this.a=Math.ceil(this.a);this.b=Math.ceil(this.b);this.width=Math.ceil(this.width);this.height=Math.ceil(this.height);return this};R.prototype.floor=function(){this.a=Math.floor(this.a);this.b=Math.floor(this.b);this.width=Math.floor(this.width);this.height=Math.floor(this.height);return this};\nR.prototype.round=function(){this.a=Math.round(this.a);this.b=Math.round(this.b);this.width=Math.round(this.width);this.height=Math.round(this.height);return this};var La=\"function\"===typeof ShadowRoot;function S(a){for(a=a.parentNode;a&&1!=a.nodeType&&9!=a.nodeType&&11!=a.nodeType;)a=a.parentNode;return P(a)?a:null}\nfunction T(a,b){b=ta(b);if(\"float\"==b||\"cssFloat\"==b||\"styleFloat\"==b)b=Ia?\"styleFloat\":\"cssFloat\";a:{var c=b;var e=N(a);if(e.defaultView&&e.defaultView.getComputedStyle&&(e=e.defaultView.getComputedStyle(a,null))){c=e[c]||e.getPropertyValue(c)||\"\";break a}c=\"\"}a=c||Ma(a,b);if(null===a)a=null;else if(0\u003C=da(ia,b)){b:{var d=a.match(la);if(d&&(b=Number(d[1]),c=Number(d[2]),e=Number(d[3]),d=Number(d[4]),0\u003C=b&&255>=b&&0\u003C=c&&255>=c&&0\u003C=e&&255>=e&&0\u003C=d&&1>=d)){b=[b,c,e,d];break b}b=null}if(!b)b:{if(e=a.match(ma))if(b=\nNumber(e[1]),c=Number(e[2]),e=Number(e[3]),0\u003C=b&&255>=b&&0\u003C=c&&255>=c&&0\u003C=e&&255>=e){b=[b,c,e,1];break b}b=null}if(!b)b:{b=a.toLowerCase();c=ha[b.toLowerCase()];if(!c&&(c=\"#\"==b.charAt(0)?b:\"#\"+b,4==c.length&&(c=c.replace(ja,\"#$1$1$2$2$3$3\")),!ka.test(c))){b=null;break b}b=[parseInt(c.substr(1,2),16),parseInt(c.substr(3,2),16),parseInt(c.substr(5,2),16),1]}a=b?\"rgba(\"+b.join(\", \")+\")\":a}return a}\nfunction Ma(a,b){var c=a.currentStyle||a.style,e=c[b];void 0===e&&\"function\"==aa(c.getPropertyValue)&&(e=c.getPropertyValue(b));return\"inherit\"!=e?void 0!==e?e:null:(a=S(a))?Ma(a,b):null}\nfunction U(a,b,c){function e(h){var n=V(h);return 0\u003Cn.height&&0\u003Cn.width?!0:P(h,\"PATH\")&&(0\u003Cn.height||0\u003Cn.width)?(h=T(h,\"stroke-width\"),!!h&&0\u003CparseInt(h,10)):\"hidden\"!=T(h,\"overflow\")&&ea(h.childNodes,function(D){return 3==D.nodeType||P(D)&&e(D)})}function d(h){return Na(h)==W&&fa(h.childNodes,function(n){return!P(n)||d(n)||!e(n)})}if(!P(a))throw Error(\"Argument to isShown must be of type Element\");if(P(a,\"BODY\"))return!0;if(P(a,\"OPTION\")||P(a,\"OPTGROUP\"))return a=Ja(a,function(h){return P(h,\"SELECT\")}),\n!!a&&U(a,!0,c);var f=Oa(a);if(f)return!!f.image&&0\u003Cf.rect.width&&0\u003Cf.rect.height&&U(f.image,b,c);if(P(a,\"INPUT\")&&\"hidden\"==a.type.toLowerCase()||P(a,\"NOSCRIPT\"))return!1;f=T(a,\"visibility\");return\"collapse\"!=f&&\"hidden\"!=f&&c(a)&&(b||0!=Pa(a))&&e(a)?!d(a):!1}var W=\"hidden\";\nfunction Na(a){function b(k){function l(ba){if(ba==h)return!0;var pa=T(ba,\"display\");return 0==pa.lastIndexOf(\"inline\",0)||\"contents\"==pa||\"absolute\"==qa&&\"static\"==T(ba,\"position\")?!1:!0}var qa=T(k,\"position\");if(\"fixed\"==qa)return ra=!0,k==h?null:h;for(k=S(k);k&&!l(k);)k=S(k);return k}function c(k){var l=k;if(\"visible\"==D)if(k==h&&n)l=n;else if(k==n)return{x:\"visible\",y:\"visible\"};l={x:T(l,\"overflow-x\"),y:T(l,\"overflow-y\")};k==h&&(l.x=\"visible\"==l.x?\"auto\":l.x,l.y=\"visible\"==l.y?\"auto\":l.y);return l}\nfunction e(k){if(k==h){var l=(new Ka(f)).a;k=l.scrollingElement?l.scrollingElement:za||\"CSS1Compat\"!=l.compatMode?l.body||l.documentElement:l.documentElement;l=l.parentWindow||l.defaultView;k=C&&Ba(\"10\")&&l.pageYOffset!=k.scrollTop?new L(k.scrollLeft,k.scrollTop):new L(l.pageXOffset||k.scrollLeft,l.pageYOffset||k.scrollTop)}else k=new L(k.scrollLeft,k.scrollTop);return k}var d=Qa(a),f=N(a),h=f.documentElement,n=f.body,D=T(h,\"overflow\"),ra;for(a=b(a);a;a=b(a)){var q=c(a);if(\"visible\"!=q.x||\"visible\"!=\nq.y){var t=V(a);if(0==t.width||0==t.height)return W;var z=d.a\u003Ct.a,O=d.b\u003Ct.b;if(z&&\"hidden\"==q.x||O&&\"hidden\"==q.y)return W;if(z&&\"visible\"!=q.x||O&&\"visible\"!=q.y){z=e(a);O=d.b\u003Ct.b-z.y;if(d.a\u003Ct.a-z.x&&\"visible\"!=q.x||O&&\"visible\"!=q.x)return W;d=Na(a);return d==W?W:\"scroll\"}z=d.c>=t.a+t.width;t=d.f>=t.b+t.height;if(z&&\"hidden\"==q.x||t&&\"hidden\"==q.y)return W;if(z&&\"visible\"!=q.x||t&&\"visible\"!=q.y){if(ra&&(q=e(a),d.c>=h.scrollWidth-q.x||d.a>=h.scrollHeight-q.y))return W;d=Na(a);return d==W?W:\"scroll\"}}}return\"none\"}\nfunction V(a){var b=Oa(a);if(b)return b.rect;if(P(a,\"HTML\"))return a=N(a),a=((a?a.parentWindow||a.defaultView:window)||window).document,a=\"CSS1Compat\"==a.compatMode?a.documentElement:a.body,a=new M(a.clientWidth,a.clientHeight),new R(0,0,a.width,a.height);try{var c=a.getBoundingClientRect()}catch(e){return new R(0,0,0,0)}b=new R(c.left,c.top,c.right-c.left,c.bottom-c.top);C&&a.ownerDocument.body&&(a=N(a),b.a-=a.documentElement.clientLeft+a.body.clientLeft,b.b-=a.documentElement.clientTop+a.body.clientTop);\nreturn b}\nfunction Oa(a){var b=P(a,\"MAP\");if(!b&&!P(a,\"AREA\"))return null;var c=b?a:P(a.parentNode,\"MAP\")?a.parentNode:null,e=null,d=null;if(c&&c.name){e='*[usemap=\"#'+c.name+'\"]';c=N(c);var f;if(f=\"function\"!=aa(c.querySelector)&&C&&(C?0\u003C=na(I,8):Ba(8))){f=c.querySelector;var h=typeof f;f=!(\"object\"==h&&null!=f||\"function\"==h)}if(f)throw Error(\"CSS selection is not supported\");if(!e)throw new m(32,\"No selector specified\");e=u(e);try{var n=c.querySelector(e)}catch(D){throw new m(32,\"An invalid or illegal selector was specified\");}if(e=\nn&&1==n.nodeType?n:null)d=V(e),b||\"default\"==a.shape.toLowerCase()||(a=Ra(a),b=Math.min(Math.max(a.a,0),d.width),n=Math.min(Math.max(a.b,0),d.height),d=new R(b+d.a,n+d.b,Math.min(a.width,d.width-b),Math.min(a.height,d.height-n)))}return{image:e,rect:d||new R(0,0,0,0)}}\nfunction Ra(a){var b=a.shape.toLowerCase();a=a.coords.split(\",\");if(\"rect\"==b&&4==a.length){b=a[0];var c=a[1];return new R(b,c,a[2]-b,a[3]-c)}if(\"circle\"==b&&3==a.length)return b=a[2],new R(a[0]-b,a[1]-b,2*b,2*b);if(\"poly\"==b&&2\u003Ca.length){b=a[0];c=a[1];for(var e=b,d=c,f=2;f+1\u003Ca.length;f+=2)b=Math.min(b,a[f]),e=Math.max(e,a[f]),c=Math.min(c,a[f+1]),d=Math.max(d,a[f+1]);return new R(b,c,e-b,d-c)}return new R(0,0,0,0)}function Qa(a){a=V(a);return new Q(a.b,a.a+a.width,a.b+a.height,a.a)}\nfunction Pa(a){if(Ia){if(\"relative\"==T(a,\"position\"))return 1;a=T(a,\"filter\");return(a=a.match(/^alpha\\(opacity=(\\d*)\\)/)||a.match(/^progid:DXImageTransform.Microsoft.Alpha\\(Opacity=(\\d*)\\)/))?Number(a[1])/100:1}return Sa(a)}function Sa(a){var b=1,c=T(a,\"opacity\");c&&(b=Number(c));(a=S(a))&&(b*=Sa(a));return b};function Ta(a,b){function c(e){if(P(e)&&\"none\"==T(e,\"display\"))return!1;var d;if((d=e.parentNode)&&d.shadowRoot&&void 0!==e.assignedSlot)d=e.assignedSlot?e.assignedSlot.parentNode:null;else if(e.getDestinationInsertionPoints){var f=e.getDestinationInsertionPoints();0\u003Cf.length&&(d=f[f.length-1])}if(La&&d instanceof ShadowRoot){if(d.host.shadowRoot&&d.host.shadowRoot!==d)return!1;d=d.host}return!d||9!=d.nodeType&&11!=d.nodeType?d&&P(d,\"DETAILS\")&&!d.open&&!P(e,\"SUMMARY\")?!1:!!d&&c(d):!0}return U(a,\n!!b,c)}var X=[\"_\"],Y=g;X[0]in Y||\"undefined\"==typeof Y.execScript||Y.execScript(\"var \"+X[0]);for(var Z;X.length&&(Z=X.shift());)X.length||void 0===Ta?Y[Z]&&Y[Z]!==Object.prototype[Z]?Y=Y[Z]:Y=Y[Z]={}:Y[Z]=Ta;; return this._.apply(null,arguments);}).apply({navigator:typeof window!='undefined'?window.navigator:null,document:typeof window!='undefined'?window.document:null}, arguments);}\n).apply(null, arguments);"
}
[1769348385.886][INFO]: Waiting for pending navigations...
[1769348385.887][INFO]: Done waiting for pending navigations. Status: ok
[1769348385.904][INFO]: Waiting for pending navigations...
[1769348385.906][INFO]: Done waiting for pending navigations. Status: ok
[1769348385.906][INFO]: [1e77314e97872a2af36918fc5b52ba15] RESPONSE ExecuteScript true
[1769348385.911][INFO]: [1e77314e97872a2af36918fc5b52ba15] COMMAND IsElementEnabled {
   "id": "f.09643D26C980EE3F9243D89232E1DC50.d.83987DE84D3BEF92395170404C21904A.e.40"
}
[1769348385.911][INFO]: Waiting for pending navigations...
[1769348385.912][INFO]: Done waiting for pending navigations. Status: ok
[1769348385.929][INFO]: Waiting for pending navigations...
[1769348385.931][INFO]: Done waiting for pending navigations. Status: ok
[1769348385.931][INFO]: [1e77314e97872a2af36918fc5b52ba15] RESPONSE IsElementEnabled true
[1769348385.935][INFO]: [1e77314e97872a2af36918fc5b52ba15] COMMAND GetElementText {
   "id": "f.09643D26C980EE3F9243D89232E1DC50.d.83987DE84D3BEF92395170404C21904A.e.40"
}
[1769348385.935][INFO]: Waiting for pending navigations...
[1769348385.937][INFO]: Done waiting for pending navigations. Status: ok
[1769348385.961][INFO]: Waiting for pending navigations...
[1769348385.968][INFO]: Done waiting for pending navigations. Status: ok
[1769348385.968][INFO]: [1e77314e97872a2af36918fc5b52ba15] RESPONSE GetElementText "Action & adventure • 2025"
[1769348385.977][INFO]: [1e77314e97872a2af36918fc5b52ba15] COMMAND FindElement {
   "using": "xpath",
   "value": "((//ytd-grid-movie-renderer[@class='style-scope yt-horizontal-list-renderer'])[16]//descendant::div[@class='yt-badge-shape__text'])[3]"
}
[1769348385.977][INFO]: Waiting for pending navigations...
[1769348385.979][INFO]: Done waiting for pending navigations. Status: ok
[1769348386.000][INFO]: Waiting for pending navigations...
[1769348386.002][INFO]: Done waiting for pending navigations. Status: ok
[1769348386.002][INFO]: [1e77314e97872a2af36918fc5b52ba15] RESPONSE FindElement {
   "element-6066-11e4-a52e-4f735466cecf": "f.09643D26C980EE3F9243D89232E1DC50.d.83987DE84D3BEF92395170404C21904A.e.41"
}
[1769348386.006][INFO]: [1e77314e97872a2af36918fc5b52ba15] COMMAND GetElementText {
   "id": "f.09643D26C980EE3F9243D89232E1DC50.d.83987DE84D3BEF92395170404C21904A.e.41"
}
[1769348386.006][INFO]: Waiting for pending navigations...
[1769348386.007][INFO]: Done waiting for pending navigations. Status: ok
[1769348386.021][INFO]: Waiting for pending navigations...
[1769348386.022][INFO]: Done waiting for pending navigations. Status: ok
[1769348386.022][INFO]: [1e77314e97872a2af36918fc5b52ba15] RESPONSE GetElementText "U/A16+"
[1769348386.031][INFO]: [1e77314e97872a2af36918fc5b52ba15] COMMAND Navigate {
   "url": "https://www.youtube.com/"
}
[1769348386.031][INFO]: Waiting for pending navigations...
[1769348386.033][INFO]: Done waiting for pending navigations. Status: ok
[1769348386.288][INFO]: Waiting for pending navigations...
[1769348388.049][INFO]: Done waiting for pending navigations. Status: ok
[1769348388.049][INFO]: [1e77314e97872a2af36918fc5b52ba15] RESPONSE Navigate
[1769348388.054][INFO]: [1e77314e97872a2af36918fc5b52ba15] COMMAND GetUrl {
}
[1769348388.054][INFO]: Waiting for pending navigations...
[1769348388.200][INFO]: Done waiting for pending navigations. Status: ok
[1769348388.345][INFO]: Waiting for pending navigations...
[1769348388.359][INFO]: Done waiting for pending navigations. Status: ok
[1769348388.359][INFO]: [1e77314e97872a2af36918fc5b52ba15] RESPONSE GetUrl "https://www.youtube.com/"
[1769348388.362][INFO]: [1e77314e97872a2af36918fc5b52ba15] COMMAND FindElement {
   "using": "xpath",
   "value": "(//yt-icon-button[@id='guide-button'])[1]//button"
}
[1769348388.362][INFO]: Waiting for pending navigations...
[1769348388.363][INFO]: Done waiting for pending navigations. Status: ok
[1769348388.693][INFO]: Waiting for pending navigations...
[1769348388.708][INFO]: Done waiting for pending navigations. Status: ok
[1769348388.708][INFO]: [1e77314e97872a2af36918fc5b52ba15] RESPONSE FindElement {
   "element-6066-11e4-a52e-4f735466cecf": "f.09643D26C980EE3F9243D89232E1DC50.d.526C9FF82A813C529F2B0C28BB0FA4F5.e.55"
}
[1769348388.712][INFO]: [1e77314e97872a2af36918fc5b52ba15] COMMAND ExecuteScript {
   "args": [ {
      "element-6066-11e4-a52e-4f735466cecf": "f.09643D26C980EE3F9243D89232E1DC50.d.526C9FF82A813C529F2B0C28BB0FA4F5.e.55"
   } ],
   "script": "arguments[0].scrollIntoView(true);"
}
[1769348388.712][INFO]: Waiting for pending navigations...
[1769348388.800][INFO]: Done waiting for pending navigations. Status: ok
[1769348388.861][INFO]: Waiting for pending navigations...
[1769348388.867][INFO]: Done waiting for pending navigations. Status: ok
[1769348388.867][INFO]: [1e77314e97872a2af36918fc5b52ba15] RESPONSE ExecuteScript null
[1769348388.875][INFO]: [1e77314e97872a2af36918fc5b52ba15] COMMAND ClickElement {
   "id": "f.09643D26C980EE3F9243D89232E1DC50.d.526C9FF82A813C529F2B0C28BB0FA4F5.e.55"
}
[1769348388.875][INFO]: Waiting for pending navigations...
[1769348388.880][INFO]: Done waiting for pending navigations. Status: ok
[1769348389.381][INFO]: Waiting for pending navigations...
[1769348389.391][INFO]: Done waiting for pending navigations. Status: ok
[1769348389.392][INFO]: [1e77314e97872a2af36918fc5b52ba15] RESPONSE ClickElement
[1769348392.404][INFO]: [1e77314e97872a2af36918fc5b52ba15] COMMAND FindElement {
   "using": "xpath",
   "value": "(//div[@id='items'])[2]//yt-formatted-string[contains(text(),'Music')]"
}
[1769348392.404][INFO]: Waiting for pending navigations...
[1769348392.406][INFO]: Done waiting for pending navigations. Status: ok
[1769348392.424][INFO]: Waiting for pending navigations...
[1769348392.425][INFO]: Done waiting for pending navigations. Status: ok
[1769348392.425][INFO]: [1e77314e97872a2af36918fc5b52ba15] RESPONSE FindElement {
   "element-6066-11e4-a52e-4f735466cecf": "f.09643D26C980EE3F9243D89232E1DC50.d.526C9FF82A813C529F2B0C28BB0FA4F5.e.57"
}
[1769348392.430][INFO]: [1e77314e97872a2af36918fc5b52ba15] COMMAND ExecuteScript {
   "args": [ {
      "element-6066-11e4-a52e-4f735466cecf": "f.09643D26C980EE3F9243D89232E1DC50.d.526C9FF82A813C529F2B0C28BB0FA4F5.e.57"
   } ],
   "script": "arguments[0].scrollIntoView(true);"
}
[1769348392.430][INFO]: Waiting for pending navigations...
[1769348392.432][INFO]: Done waiting for pending navigations. Status: ok
[1769348392.439][INFO]: Waiting for pending navigations...
[1769348392.442][INFO]: Done waiting for pending navigations. Status: ok
[1769348392.442][INFO]: [1e77314e97872a2af36918fc5b52ba15] RESPONSE ExecuteScript null
[1769348392.446][INFO]: [1e77314e97872a2af36918fc5b52ba15] COMMAND ClickElement {
   "id": "f.09643D26C980EE3F9243D89232E1DC50.d.526C9FF82A813C529F2B0C28BB0FA4F5.e.57"
}
[1769348392.446][INFO]: Waiting for pending navigations...
[1769348392.447][INFO]: Done waiting for pending navigations. Status: ok
[1769348392.645][INFO]: Waiting for pending navigations...
[1769348392.678][INFO]: Done waiting for pending navigations. Status: ok
[1769348392.679][INFO]: [1e77314e97872a2af36918fc5b52ba15] RESPONSE ClickElement
[1769348396.690][INFO]: [1e77314e97872a2af36918fc5b52ba15] COMMAND FindElement {
   "using": "xpath",
   "value": "(//ytd-rich-item-renderer[@class='style-scope ytd-rich-shelf-renderer'])[4]//descendant::div[@class='yt-badge-shape__text']"
}
[1769348396.690][INFO]: Waiting for pending navigations...
[1769348396.728][INFO]: Done waiting for pending navigations. Status: ok
[1769348396.836][INFO]: Waiting for pending navigations...
[1769348396.853][INFO]: Done waiting for pending navigations. Status: ok
[1769348396.853][INFO]: [1e77314e97872a2af36918fc5b52ba15] RESPONSE FindElement {
   "element-6066-11e4-a52e-4f735466cecf": "f.09643D26C980EE3F9243D89232E1DC50.d.526C9FF82A813C529F2B0C28BB0FA4F5.e.61"
}
[1769348396.857][INFO]: [1e77314e97872a2af36918fc5b52ba15] COMMAND ExecuteScript {
   "args": [ {
      "element-6066-11e4-a52e-4f735466cecf": "f.09643D26C980EE3F9243D89232E1DC50.d.526C9FF82A813C529F2B0C28BB0FA4F5.e.61"
   } ],
   "script": "arguments[0].scrollIntoView(true);"
}
[1769348396.857][INFO]: Waiting for pending navigations...
[1769348396.866][INFO]: Done waiting for pending navigations. Status: ok
[1769348396.888][INFO]: Waiting for pending navigations...
[1769348396.917][INFO]: Done waiting for pending navigations. Status: ok
[1769348396.917][INFO]: [1e77314e97872a2af36918fc5b52ba15] RESPONSE ExecuteScript null
[1769348396.921][INFO]: [1e77314e97872a2af36918fc5b52ba15] COMMAND GetElementText {
   "id": "f.09643D26C980EE3F9243D89232E1DC50.d.526C9FF82A813C529F2B0C28BB0FA4F5.e.61"
}
[1769348396.921][INFO]: Waiting for pending navigations...
[1769348396.942][INFO]: Done waiting for pending navigations. Status: ok
[1769348396.976][INFO]: Waiting for pending navigations...
[1769348396.977][INFO]: Done waiting for pending navigations. Status: ok
[1769348396.977][INFO]: [1e77314e97872a2af36918fc5b52ba15] RESPONSE GetElementText "51 songs"
[1769348396.981][INFO]: [1e77314e97872a2af36918fc5b52ba15] COMMAND GetElementText {
   "id": "f.09643D26C980EE3F9243D89232E1DC50.d.526C9FF82A813C529F2B0C28BB0FA4F5.e.61"
}
[1769348396.981][INFO]: Waiting for pending navigations...
[1769348397.001][INFO]: Done waiting for pending navigations. Status: ok
[1769348397.058][INFO]: Waiting for pending navigations...
[1769348397.072][INFO]: Done waiting for pending navigations. Status: ok
[1769348397.072][INFO]: [1e77314e97872a2af36918fc5b52ba15] RESPONSE GetElementText "51 songs"
[1769348397.082][INFO]: [1e77314e97872a2af36918fc5b52ba15] COMMAND Navigate {
   "url": "https://www.youtube.com/"
}
[1769348397.082][INFO]: Waiting for pending navigations...
[1769348397.086][INFO]: Done waiting for pending navigations. Status: ok
[1769348397.462][INFO]: Waiting for pending navigations...
[1769348399.403][INFO]: Done waiting for pending navigations. Status: ok
[1769348399.403][INFO]: [1e77314e97872a2af36918fc5b52ba15] RESPONSE Navigate
[1769348399.411][INFO]: [1e77314e97872a2af36918fc5b52ba15] COMMAND GetUrl {
}
[1769348399.411][INFO]: Waiting for pending navigations...
[1769348399.419][INFO]: Done waiting for pending navigations. Status: ok
[1769348399.577][INFO]: Waiting for pending navigations...
[1769348399.666][INFO]: Done waiting for pending navigations. Status: ok
[1769348399.666][INFO]: [1e77314e97872a2af36918fc5b52ba15] RESPONSE GetUrl "https://www.youtube.com/"
[1769348399.670][INFO]: [1e77314e97872a2af36918fc5b52ba15] COMMAND FindElement {
   "using": "xpath",
   "value": "(//yt-icon-button[@id='guide-button'])[1]//button"
}
[1769348399.670][INFO]: Waiting for pending navigations...
[1769348399.696][INFO]: Done waiting for pending navigations. Status: ok
[1769348399.740][INFO]: Waiting for pending navigations...
[1769348399.913][INFO]: Done waiting for pending navigations. Status: ok
[1769348399.913][INFO]: [1e77314e97872a2af36918fc5b52ba15] RESPONSE FindElement {
   "element-6066-11e4-a52e-4f735466cecf": "f.09643D26C980EE3F9243D89232E1DC50.d.EE4A2F72DC77E2AE584930D80A84C226.e.78"
}
[1769348399.917][INFO]: [1e77314e97872a2af36918fc5b52ba15] COMMAND ExecuteScript {
   "args": [ {
      "element-6066-11e4-a52e-4f735466cecf": "f.09643D26C980EE3F9243D89232E1DC50.d.EE4A2F72DC77E2AE584930D80A84C226.e.78"
   } ],
   "script": "arguments[0].scrollIntoView(true);"
}
[1769348399.918][INFO]: Waiting for pending navigations...
[1769348399.993][INFO]: Done waiting for pending navigations. Status: ok
[1769348400.040][INFO]: Waiting for pending navigations...
[1769348400.126][INFO]: Done waiting for pending navigations. Status: ok
[1769348400.126][INFO]: [1e77314e97872a2af36918fc5b52ba15] RESPONSE ExecuteScript null
[1769348400.131][INFO]: [1e77314e97872a2af36918fc5b52ba15] COMMAND ClickElement {
   "id": "f.09643D26C980EE3F9243D89232E1DC50.d.EE4A2F72DC77E2AE584930D80A84C226.e.78"
}
[1769348400.131][INFO]: Waiting for pending navigations...
[1769348400.156][INFO]: Done waiting for pending navigations. Status: ok
[1769348400.638][INFO]: Waiting for pending navigations...
[1769348400.652][INFO]: Done waiting for pending navigations. Status: ok
[1769348400.652][INFO]: [1e77314e97872a2af36918fc5b52ba15] RESPONSE ClickElement
[1769348403.660][INFO]: [1e77314e97872a2af36918fc5b52ba15] COMMAND FindElement {
   "using": "xpath",
   "value": "(//div[@id='items'])[2]//yt-formatted-string[contains(text(),'Show more')]"
}
[1769348403.661][INFO]: Waiting for pending navigations...
[1769348403.662][INFO]: Done waiting for pending navigations. Status: ok
[1769348403.683][INFO]: Waiting for pending navigations...
[1769348403.684][INFO]: Done waiting for pending navigations. Status: ok
[1769348403.684][INFO]: [1e77314e97872a2af36918fc5b52ba15] RESPONSE FindElement {
   "element-6066-11e4-a52e-4f735466cecf": "f.09643D26C980EE3F9243D89232E1DC50.d.EE4A2F72DC77E2AE584930D80A84C226.e.80"
}
[1769348403.688][INFO]: [1e77314e97872a2af36918fc5b52ba15] COMMAND ExecuteScript {
   "args": [ {
      "element-6066-11e4-a52e-4f735466cecf": "f.09643D26C980EE3F9243D89232E1DC50.d.EE4A2F72DC77E2AE584930D80A84C226.e.80"
   } ],
   "script": "arguments[0].scrollIntoView(true);"
}
[1769348403.688][INFO]: Waiting for pending navigations...
[1769348403.689][INFO]: Done waiting for pending navigations. Status: ok
[1769348403.695][INFO]: Waiting for pending navigations...
[1769348403.697][INFO]: Done waiting for pending navigations. Status: ok
[1769348403.697][INFO]: [1e77314e97872a2af36918fc5b52ba15] RESPONSE ExecuteScript null
[1769348403.700][INFO]: [1e77314e97872a2af36918fc5b52ba15] COMMAND ClickElement {
   "id": "f.09643D26C980EE3F9243D89232E1DC50.d.EE4A2F72DC77E2AE584930D80A84C226.e.80"
}
[1769348403.700][INFO]: Waiting for pending navigations...
[1769348403.705][INFO]: Done waiting for pending navigations. Status: ok
[1769348403.939][INFO]: Waiting for pending navigations...
[1769348403.954][INFO]: Done waiting for pending navigations. Status: ok
[1769348403.954][INFO]: [1e77314e97872a2af36918fc5b52ba15] RESPONSE ClickElement
[1769348405.974][INFO]: [1e77314e97872a2af36918fc5b52ba15] COMMAND FindElement {
   "using": "xpath",
   "value": "(//div[@id='items'])[2]//yt-formatted-string[contains(text(),'News')]"
}
[1769348405.974][INFO]: Waiting for pending navigations...
[1769348405.978][INFO]: Done waiting for pending navigations. Status: ok
[1769348405.999][INFO]: Waiting for pending navigations...
[1769348406.000][INFO]: Done waiting for pending navigations. Status: ok
[1769348406.000][INFO]: [1e77314e97872a2af36918fc5b52ba15] RESPONSE FindElement {
   "element-6066-11e4-a52e-4f735466cecf": "f.09643D26C980EE3F9243D89232E1DC50.d.EE4A2F72DC77E2AE584930D80A84C226.e.112"
}
[1769348406.007][INFO]: [1e77314e97872a2af36918fc5b52ba15] COMMAND ExecuteScript {
   "args": [ {
      "element-6066-11e4-a52e-4f735466cecf": "f.09643D26C980EE3F9243D89232E1DC50.d.EE4A2F72DC77E2AE584930D80A84C226.e.112"
   } ],
   "script": "arguments[0].scrollIntoView(true);"
}
[1769348406.007][INFO]: Waiting for pending navigations...
[1769348406.008][INFO]: Done waiting for pending navigations. Status: ok
[1769348406.018][INFO]: Waiting for pending navigations...
[1769348406.025][INFO]: Done waiting for pending navigations. Status: ok
[1769348406.025][INFO]: [1e77314e97872a2af36918fc5b52ba15] RESPONSE ExecuteScript null
[1769348406.030][INFO]: [1e77314e97872a2af36918fc5b52ba15] COMMAND ClickElement {
   "id": "f.09643D26C980EE3F9243D89232E1DC50.d.EE4A2F72DC77E2AE584930D80A84C226.e.112"
}
[1769348406.030][INFO]: Waiting for pending navigations...
[1769348406.031][INFO]: Done waiting for pending navigations. Status: ok
[1769348406.193][INFO]: Waiting for pending navigations...
[1769348406.222][INFO]: Done waiting for pending navigations. Status: ok
[1769348406.223][INFO]: [1e77314e97872a2af36918fc5b52ba15] RESPONSE ClickElement
[1769348410.231][INFO]: [1e77314e97872a2af36918fc5b52ba15] COMMAND FindElements {
   "using": "xpath",
   "value": "(//span[@id='title' and contains(text(),'Latest news posts')]//ancestor::div[@id='content'])[2]//child::span[@id='vote-count-middle']"
}
[1769348410.231][INFO]: Waiting for pending navigations...
[1769348416.737][INFO]: Done waiting for pending navigations. Status: ok
[1769348417.051][INFO]: Waiting for pending navigations...
[1769348417.090][INFO]: Done waiting for pending navigations. Status: ok
[1769348417.090][INFO]: [1e77314e97872a2af36918fc5b52ba15] RESPONSE FindElements [ {
   "element-6066-11e4-a52e-4f735466cecf": "f.09643D26C980EE3F9243D89232E1DC50.d.EE4A2F72DC77E2AE584930D80A84C226.e.127"
}, {
   "element-6066-11e4-a52e-4f735466cecf": "f.09643D26C980EE3F9243D89232E1DC50.d.EE4A2F72DC77E2AE584930D80A84C226.e.128"
}, {
   "element-6066-11e4-a52e-4f735466cecf": "f.09643D26C980EE3F9243D89232E1DC50.d.EE4A2F72DC77E2AE584930D80A84C226.e.129"
}, {
   "element-6066-11e4-a52e-4f735466cecf": "f.09643D26C980EE3F9243D89232E1DC50.d.EE4A2F72DC77E2AE584930D80A84C226.e.130"
}, {
   "element-6066-11e4-a52e-4f735466cecf": "f.09643D26C980EE3F9243D89232E1DC50.d.EE4A2F72DC77E2AE584930D80A84C226.e.131"
}, {
   "element-6066-11e4-a52e-4f735466cecf": "f.09643D26C980EE3F9243D89232E1DC50.d.EE4A2F72DC77E2AE584930D80A84C226.e.132"
}, {
   "element-6066-11e4-a52e-4f735466cecf": "f.09643D26C980EE3F9243D89232E1DC50.d.EE4A2F72DC77E2AE584930D80A84C226.e.133"
}, {
   "element-6066-11e4-a52e-4f735466cecf": "f.09643D26C980EE3F9243D89232E1DC50.d.EE4A2F72DC77E2AE584930D80A84C226.e.134"
}, {
   "element-6066-11e4-a52e-4f735466cecf": "f.09643D26C980EE3F9243D89232E1DC50.d.EE4A2F72DC77E2AE584930D80A84C226.e.135"
}, {
   "element-6066-11e4-a52e-4f735466cecf": "f.09643D26C980EE3F9243D89232E1DC50.d.EE4A2F72DC77E2AE584930D80A84C226.e.136"
}, {
   "element-6066-11e4-a52e-4f735466cecf": "f.09643D26C980EE3F9243D89232E1DC50.d.EE4A2F72DC77E2AE584930D80A84C226.e.137"
}, {
   "element-6066-11e4-a52e-4f735466cecf": "f.09643D26C980EE3F9243D89232E1DC50.d.EE4A2F72DC77E2AE584930D80A84C226.e.138"
}, {
   "element-6066-11e4-a52e-4f735466cecf": "f.09643D26C980EE3F9243D89232E1DC50.d.EE4A2F72DC77E2AE584930D80A84C226.e.139"
}, {
   "element-6066-11e4-a52e-4f735466cecf": "f.09643D26C980EE3F9243D89232E1DC50.d.EE4A2F72DC77E2AE584930D80A84C226.e.140"
}, {
   "element-6066-11e4-a52e-4f735466cecf": "f.09643D26C980EE3F9243D89232E1DC50.d.EE4A2F72DC77E2AE584930D80A84C226.e.141"
}, {
   "element-6066-11e4-a52e-4f735466cecf": "f.09643D26C980EE3F9243D89232E1DC50.d.EE4A2F72DC77E2AE584930D80A84C226.e.142"
}, {
   "element-6066-11e4-a52e-4f735466cecf": "f.09643D26C980EE3F9243D89232E1DC50.d.EE4A2F72DC77E2AE584930D80A84C226.e.143"
}, {
   "element-6066-11e4-a52e-4f735466cecf": "f.09643D26C980EE3F9243D89232E1DC50.d.EE4A2F72DC77E2AE584930D80A84C226.e.144"
}, {
   "element-6066-11e4-a52e-4f735466cecf": "f.09643D26C980EE3F9243D89232E1DC50.d.EE4A2F72DC77E2AE584930D80A84C226.e.145"
}, "..." ]
[1769348417.094][INFO]: [1e77314e97872a2af36918fc5b52ba15] COMMAND GetElementText {
   "id": "f.09643D26C980EE3F9243D89232E1DC50.d.EE4A2F72DC77E2AE584930D80A84C226.e.127"
}
[1769348417.094][INFO]: Waiting for pending navigations...
[1769348417.115][INFO]: Done waiting for pending navigations. Status: ok
[1769348417.208][INFO]: Waiting for pending navigations...
[1769348417.229][INFO]: Done waiting for pending navigations. Status: ok
[1769348417.229][INFO]: [1e77314e97872a2af36918fc5b52ba15] RESPONSE GetElementText "39"
[1769348417.232][INFO]: [1e77314e97872a2af36918fc5b52ba15] COMMAND FindElements {
   "using": "xpath",
   "value": "(//span[@id='title' and contains(text(),'Latest news posts')]//ancestor::div[@id='content'])[2]//child::span[@id='vote-count-middle']//ancestor::div[@class='style-scope ytd-rich-item-renderer']//div[@id='author']"
}
[1769348417.232][INFO]: Waiting for pending navigations...
[1769348417.251][INFO]: Done waiting for pending navigations. Status: ok
[1769348417.364][INFO]: Waiting for pending navigations...
[1769348417.381][INFO]: Done waiting for pending navigations. Status: ok
[1769348417.382][INFO]: [1e77314e97872a2af36918fc5b52ba15] RESPONSE FindElements [ {
   "element-6066-11e4-a52e-4f735466cecf": "f.09643D26C980EE3F9243D89232E1DC50.d.EE4A2F72DC77E2AE584930D80A84C226.e.151"
}, {
   "element-6066-11e4-a52e-4f735466cecf": "f.09643D26C980EE3F9243D89232E1DC50.d.EE4A2F72DC77E2AE584930D80A84C226.e.152"
}, {
   "element-6066-11e4-a52e-4f735466cecf": "f.09643D26C980EE3F9243D89232E1DC50.d.EE4A2F72DC77E2AE584930D80A84C226.e.153"
}, {
   "element-6066-11e4-a52e-4f735466cecf": "f.09643D26C980EE3F9243D89232E1DC50.d.EE4A2F72DC77E2AE584930D80A84C226.e.154"
}, {
   "element-6066-11e4-a52e-4f735466cecf": "f.09643D26C980EE3F9243D89232E1DC50.d.EE4A2F72DC77E2AE584930D80A84C226.e.155"
}, {
   "element-6066-11e4-a52e-4f735466cecf": "f.09643D26C980EE3F9243D89232E1DC50.d.EE4A2F72DC77E2AE584930D80A84C226.e.156"
}, {
   "element-6066-11e4-a52e-4f735466cecf": "f.09643D26C980EE3F9243D89232E1DC50.d.EE4A2F72DC77E2AE584930D80A84C226.e.157"
}, {
   "element-6066-11e4-a52e-4f735466cecf": "f.09643D26C980EE3F9243D89232E1DC50.d.EE4A2F72DC77E2AE584930D80A84C226.e.158"
}, {
   "element-6066-11e4-a52e-4f735466cecf": "f.09643D26C980EE3F9243D89232E1DC50.d.EE4A2F72DC77E2AE584930D80A84C226.e.159"
}, {
   "element-6066-11e4-a52e-4f735466cecf": "f.09643D26C980EE3F9243D89232E1DC50.d.EE4A2F72DC77E2AE584930D80A84C226.e.160"
}, {
   "element-6066-11e4-a52e-4f735466cecf": "f.09643D26C980EE3F9243D89232E1DC50.d.EE4A2F72DC77E2AE584930D80A84C226.e.161"
}, {
   "element-6066-11e4-a52e-4f735466cecf": "f.09643D26C980EE3F9243D89232E1DC50.d.EE4A2F72DC77E2AE584930D80A84C226.e.162"
}, {
   "element-6066-11e4-a52e-4f735466cecf": "f.09643D26C980EE3F9243D89232E1DC50.d.EE4A2F72DC77E2AE584930D80A84C226.e.163"
}, {
   "element-6066-11e4-a52e-4f735466cecf": "f.09643D26C980EE3F9243D89232E1DC50.d.EE4A2F72DC77E2AE584930D80A84C226.e.164"
}, {
   "element-6066-11e4-a52e-4f735466cecf": "f.09643D26C980EE3F9243D89232E1DC50.d.EE4A2F72DC77E2AE584930D80A84C226.e.165"
}, {
   "element-6066-11e4-a52e-4f735466cecf": "f.09643D26C980EE3F9243D89232E1DC50.d.EE4A2F72DC77E2AE584930D80A84C226.e.166"
}, {
   "element-6066-11e4-a52e-4f735466cecf": "f.09643D26C980EE3F9243D89232E1DC50.d.EE4A2F72DC77E2AE584930D80A84C226.e.167"
}, {
   "element-6066-11e4-a52e-4f735466cecf": "f.09643D26C980EE3F9243D89232E1DC50.d.EE4A2F72DC77E2AE584930D80A84C226.e.168"
}, {
   "element-6066-11e4-a52e-4f735466cecf": "f.09643D26C980EE3F9243D89232E1DC50.d.EE4A2F72DC77E2AE584930D80A84C226.e.169"
}, "..." ]
[1769348417.386][INFO]: [1e77314e97872a2af36918fc5b52ba15] COMMAND GetElementText {
   "id": "f.09643D26C980EE3F9243D89232E1DC50.d.EE4A2F72DC77E2AE584930D80A84C226.e.151"
}
[1769348417.386][INFO]: Waiting for pending navigations...
[1769348417.402][INFO]: Done waiting for pending navigations. Status: ok
[1769348417.489][INFO]: Waiting for pending navigations...
[1769348417.510][INFO]: Done waiting for pending navigations. Status: ok
[1769348417.510][INFO]: [1e77314e97872a2af36918fc5b52ba15] RESPONSE GetElementText "Sports Today"
[1769348417.514][INFO]: [1e77314e97872a2af36918fc5b52ba15] COMMAND FindElements {
   "using": "xpath",
   "value": "(//span[@id='title' and contains(text(),'Latest news posts')]//ancestor::div[@id='content'])[2]//child::span[@id='vote-count-middle']//ancestor::div[@class='style-scope ytd-rich-item-renderer']//yt-formatted-string[@id='home-content-text']"
}
[1769348417.514][INFO]: Waiting for pending navigations...
[1769348417.533][INFO]: Done waiting for pending navigations. Status: ok
[1769348417.668][INFO]: Waiting for pending navigations...
[1769348417.687][INFO]: Done waiting for pending navigations. Status: ok
[1769348417.687][INFO]: [1e77314e97872a2af36918fc5b52ba15] RESPONSE FindElements [ {
   "element-6066-11e4-a52e-4f735466cecf": "f.09643D26C980EE3F9243D89232E1DC50.d.EE4A2F72DC77E2AE584930D80A84C226.e.175"
}, {
   "element-6066-11e4-a52e-4f735466cecf": "f.09643D26C980EE3F9243D89232E1DC50.d.EE4A2F72DC77E2AE584930D80A84C226.e.176"
}, {
   "element-6066-11e4-a52e-4f735466cecf": "f.09643D26C980EE3F9243D89232E1DC50.d.EE4A2F72DC77E2AE584930D80A84C226.e.177"
}, {
   "element-6066-11e4-a52e-4f735466cecf": "f.09643D26C980EE3F9243D89232E1DC50.d.EE4A2F72DC77E2AE584930D80A84C226.e.178"
}, {
   "element-6066-11e4-a52e-4f735466cecf": "f.09643D26C980EE3F9243D89232E1DC50.d.EE4A2F72DC77E2AE584930D80A84C226.e.179"
}, {
   "element-6066-11e4-a52e-4f735466cecf": "f.09643D26C980EE3F9243D89232E1DC50.d.EE4A2F72DC77E2AE584930D80A84C226.e.180"
}, {
   "element-6066-11e4-a52e-4f735466cecf": "f.09643D26C980EE3F9243D89232E1DC50.d.EE4A2F72DC77E2AE584930D80A84C226.e.181"
}, {
   "element-6066-11e4-a52e-4f735466cecf": "f.09643D26C980EE3F9243D89232E1DC50.d.EE4A2F72DC77E2AE584930D80A84C226.e.182"
}, {
   "element-6066-11e4-a52e-4f735466cecf": "f.09643D26C980EE3F9243D89232E1DC50.d.EE4A2F72DC77E2AE584930D80A84C226.e.183"
}, {
   "element-6066-11e4-a52e-4f735466cecf": "f.09643D26C980EE3F9243D89232E1DC50.d.EE4A2F72DC77E2AE584930D80A84C226.e.184"
}, {
   "element-6066-11e4-a52e-4f735466cecf": "f.09643D26C980EE3F9243D89232E1DC50.d.EE4A2F72DC77E2AE584930D80A84C226.e.185"
}, {
   "element-6066-11e4-a52e-4f735466cecf": "f.09643D26C980EE3F9243D89232E1DC50.d.EE4A2F72DC77E2AE584930D80A84C226.e.186"
}, {
   "element-6066-11e4-a52e-4f735466cecf": "f.09643D26C980EE3F9243D89232E1DC50.d.EE4A2F72DC77E2AE584930D80A84C226.e.187"
}, {
   "element-6066-11e4-a52e-4f735466cecf": "f.09643D26C980EE3F9243D89232E1DC50.d.EE4A2F72DC77E2AE584930D80A84C226.e.188"
}, {
   "element-6066-11e4-a52e-4f735466cecf": "f.09643D26C980EE3F9243D89232E1DC50.d.EE4A2F72DC77E2AE584930D80A84C226.e.189"
}, {
   "element-6066-11e4-a52e-4f735466cecf": "f.09643D26C980EE3F9243D89232E1DC50.d.EE4A2F72DC77E2AE584930D80A84C226.e.190"
}, {
   "element-6066-11e4-a52e-4f735466cecf": "f.09643D26C980EE3F9243D89232E1DC50.d.EE4A2F72DC77E2AE584930D80A84C226.e.191"
}, {
   "element-6066-11e4-a52e-4f735466cecf": "f.09643D26C980EE3F9243D89232E1DC50.d.EE4A2F72DC77E2AE584930D80A84C226.e.192"
}, {
   "element-6066-11e4-a52e-4f735466cecf": "f.09643D26C980EE3F9243D89232E1DC50.d.EE4A2F72DC77E2AE584930D80A84C226.e.193"
}, "..." ]
[1769348417.691][INFO]: [1e77314e97872a2af36918fc5b52ba15] COMMAND GetElementText {
   "id": "f.09643D26C980EE3F9243D89232E1DC50.d.EE4A2F72DC77E2AE584930D80A84C226.e.175"
}
[1769348417.691][INFO]: Waiting for pending navigations...
[1769348417.707][INFO]: Done waiting for pending navigations. Status: ok
[1769348417.808][INFO]: Waiting for pending navigations...
[1769348417.828][INFO]: Done waiting for pending navigations. Status: ok
[1769348417.828][INFO]: [1e77314e97872a2af36918fc5b52ba15] RESPONSE GetElementText "Rohit Sharma, Harmanpreet Kaur honoured with Padma Shri; Know full list of awardees here https://thesportstak.com/cricket/stor..."
[1769348417.832][INFO]: [1e77314e97872a2af36918fc5b52ba15] COMMAND GetElementText {
   "id": "f.09643D26C980EE3F9243D89232E1DC50.d.EE4A2F72DC77E2AE584930D80A84C226.e.128"
}
[1769348417.832][INFO]: Waiting for pending navigations...
[1769348417.848][INFO]: Done waiting for pending navigations. Status: ok
[1769348417.937][INFO]: Waiting for pending navigations...
[1769348417.958][INFO]: Done waiting for pending navigations. Status: ok
[1769348417.958][INFO]: [1e77314e97872a2af36918fc5b52ba15] RESPONSE GetElementText "8"
[1769348417.961][INFO]: [1e77314e97872a2af36918fc5b52ba15] COMMAND FindElements {
   "using": "xpath",
   "value": "(//span[@id='title' and contains(text(),'Latest news posts')]//ancestor::div[@id='content'])[2]//child::span[@id='vote-count-middle']//ancestor::div[@class='style-scope ytd-rich-item-renderer']//div[@id='author']"
}
[1769348417.961][INFO]: Waiting for pending navigations...
[1769348417.977][INFO]: Done waiting for pending navigations. Status: ok
[1769348418.084][INFO]: Waiting for pending navigations...
[1769348418.106][INFO]: Done waiting for pending navigations. Status: ok
[1769348418.106][INFO]: [1e77314e97872a2af36918fc5b52ba15] RESPONSE FindElements [ {
   "element-6066-11e4-a52e-4f735466cecf": "f.09643D26C980EE3F9243D89232E1DC50.d.EE4A2F72DC77E2AE584930D80A84C226.e.151"
}, {
   "element-6066-11e4-a52e-4f735466cecf": "f.09643D26C980EE3F9243D89232E1DC50.d.EE4A2F72DC77E2AE584930D80A84C226.e.152"
}, {
   "element-6066-11e4-a52e-4f735466cecf": "f.09643D26C980EE3F9243D89232E1DC50.d.EE4A2F72DC77E2AE584930D80A84C226.e.153"
}, {
   "element-6066-11e4-a52e-4f735466cecf": "f.09643D26C980EE3F9243D89232E1DC50.d.EE4A2F72DC77E2AE584930D80A84C226.e.154"
}, {
   "element-6066-11e4-a52e-4f735466cecf": "f.09643D26C980EE3F9243D89232E1DC50.d.EE4A2F72DC77E2AE584930D80A84C226.e.155"
}, {
   "element-6066-11e4-a52e-4f735466cecf": "f.09643D26C980EE3F9243D89232E1DC50.d.EE4A2F72DC77E2AE584930D80A84C226.e.156"
}, {
   "element-6066-11e4-a52e-4f735466cecf": "f.09643D26C980EE3F9243D89232E1DC50.d.EE4A2F72DC77E2AE584930D80A84C226.e.157"
}, {
   "element-6066-11e4-a52e-4f735466cecf": "f.09643D26C980EE3F9243D89232E1DC50.d.EE4A2F72DC77E2AE584930D80A84C226.e.158"
}, {
   "element-6066-11e4-a52e-4f735466cecf": "f.09643D26C980EE3F9243D89232E1DC50.d.EE4A2F72DC77E2AE584930D80A84C226.e.159"
}, {
   "element-6066-11e4-a52e-4f735466cecf": "f.09643D26C980EE3F9243D89232E1DC50.d.EE4A2F72DC77E2AE584930D80A84C226.e.160"
}, {
   "element-6066-11e4-a52e-4f735466cecf": "f.09643D26C980EE3F9243D89232E1DC50.d.EE4A2F72DC77E2AE584930D80A84C226.e.161"
}, {
   "element-6066-11e4-a52e-4f735466cecf": "f.09643D26C980EE3F9243D89232E1DC50.d.EE4A2F72DC77E2AE584930D80A84C226.e.162"
}, {
   "element-6066-11e4-a52e-4f735466cecf": "f.09643D26C980EE3F9243D89232E1DC50.d.EE4A2F72DC77E2AE584930D80A84C226.e.163"
}, {
   "element-6066-11e4-a52e-4f735466cecf": "f.09643D26C980EE3F9243D89232E1DC50.d.EE4A2F72DC77E2AE584930D80A84C226.e.164"
}, {
   "element-6066-11e4-a52e-4f735466cecf": "f.09643D26C980EE3F9243D89232E1DC50.d.EE4A2F72DC77E2AE584930D80A84C226.e.165"
}, {
   "element-6066-11e4-a52e-4f735466cecf": "f.09643D26C980EE3F9243D89232E1DC50.d.EE4A2F72DC77E2AE584930D80A84C226.e.166"
}, {
   "element-6066-11e4-a52e-4f735466cecf": "f.09643D26C980EE3F9243D89232E1DC50.d.EE4A2F72DC77E2AE584930D80A84C226.e.167"
}, {
   "element-6066-11e4-a52e-4f735466cecf": "f.09643D26C980EE3F9243D89232E1DC50.d.EE4A2F72DC77E2AE584930D80A84C226.e.168"
}, {
   "element-6066-11e4-a52e-4f735466cecf": "f.09643D26C980EE3F9243D89232E1DC50.d.EE4A2F72DC77E2AE584930D80A84C226.e.169"
}, "..." ]
[1769348418.112][INFO]: [1e77314e97872a2af36918fc5b52ba15] COMMAND GetElementText {
   "id": "f.09643D26C980EE3F9243D89232E1DC50.d.EE4A2F72DC77E2AE584930D80A84C226.e.152"
}
[1769348418.112][INFO]: Waiting for pending navigations...
[1769348418.126][INFO]: Done waiting for pending navigations. Status: ok
[1769348418.209][INFO]: Waiting for pending navigations...
[1769348418.228][INFO]: Done waiting for pending navigations. Status: ok
[1769348418.228][INFO]: [1e77314e97872a2af36918fc5b52ba15] RESPONSE GetElementText "Prudent Media Goa"
[1769348418.231][INFO]: [1e77314e97872a2af36918fc5b52ba15] COMMAND FindElements {
   "using": "xpath",
   "value": "(//span[@id='title' and contains(text(),'Latest news posts')]//ancestor::div[@id='content'])[2]//child::span[@id='vote-count-middle']//ancestor::div[@class='style-scope ytd-rich-item-renderer']//yt-formatted-string[@id='home-content-text']"
}
[1769348418.231][INFO]: Waiting for pending navigations...
[1769348418.260][INFO]: Done waiting for pending navigations. Status: ok
[1769348418.316][INFO]: Waiting for pending navigations...
[1769348418.361][INFO]: Done waiting for pending navigations. Status: ok
[1769348418.362][INFO]: [1e77314e97872a2af36918fc5b52ba15] RESPONSE FindElements [ {
   "element-6066-11e4-a52e-4f735466cecf": "f.09643D26C980EE3F9243D89232E1DC50.d.EE4A2F72DC77E2AE584930D80A84C226.e.175"
}, {
   "element-6066-11e4-a52e-4f735466cecf": "f.09643D26C980EE3F9243D89232E1DC50.d.EE4A2F72DC77E2AE584930D80A84C226.e.176"
}, {
   "element-6066-11e4-a52e-4f735466cecf": "f.09643D26C980EE3F9243D89232E1DC50.d.EE4A2F72DC77E2AE584930D80A84C226.e.177"
}, {
   "element-6066-11e4-a52e-4f735466cecf": "f.09643D26C980EE3F9243D89232E1DC50.d.EE4A2F72DC77E2AE584930D80A84C226.e.178"
}, {
   "element-6066-11e4-a52e-4f735466cecf": "f.09643D26C980EE3F9243D89232E1DC50.d.EE4A2F72DC77E2AE584930D80A84C226.e.179"
}, {
   "element-6066-11e4-a52e-4f735466cecf": "f.09643D26C980EE3F9243D89232E1DC50.d.EE4A2F72DC77E2AE584930D80A84C226.e.180"
}, {
   "element-6066-11e4-a52e-4f735466cecf": "f.09643D26C980EE3F9243D89232E1DC50.d.EE4A2F72DC77E2AE584930D80A84C226.e.181"
}, {
   "element-6066-11e4-a52e-4f735466cecf": "f.09643D26C980EE3F9243D89232E1DC50.d.EE4A2F72DC77E2AE584930D80A84C226.e.182"
}, {
   "element-6066-11e4-a52e-4f735466cecf": "f.09643D26C980EE3F9243D89232E1DC50.d.EE4A2F72DC77E2AE584930D80A84C226.e.183"
}, {
   "element-6066-11e4-a52e-4f735466cecf": "f.09643D26C980EE3F9243D89232E1DC50.d.EE4A2F72DC77E2AE584930D80A84C226.e.184"
}, {
   "element-6066-11e4-a52e-4f735466cecf": "f.09643D26C980EE3F9243D89232E1DC50.d.EE4A2F72DC77E2AE584930D80A84C226.e.185"
}, {
   "element-6066-11e4-a52e-4f735466cecf": "f.09643D26C980EE3F9243D89232E1DC50.d.EE4A2F72DC77E2AE584930D80A84C226.e.186"
}, {
   "element-6066-11e4-a52e-4f735466cecf": "f.09643D26C980EE3F9243D89232E1DC50.d.EE4A2F72DC77E2AE584930D80A84C226.e.187"
}, {
   "element-6066-11e4-a52e-4f735466cecf": "f.09643D26C980EE3F9243D89232E1DC50.d.EE4A2F72DC77E2AE584930D80A84C226.e.188"
}, {
   "element-6066-11e4-a52e-4f735466cecf": "f.09643D26C980EE3F9243D89232E1DC50.d.EE4A2F72DC77E2AE584930D80A84C226.e.189"
}, {
   "element-6066-11e4-a52e-4f735466cecf": "f.09643D26C980EE3F9243D89232E1DC50.d.EE4A2F72DC77E2AE584930D80A84C226.e.190"
}, {
   "element-6066-11e4-a52e-4f735466cecf": "f.09643D26C980EE3F9243D89232E1DC50.d.EE4A2F72DC77E2AE584930D80A84C226.e.191"
}, {
   "element-6066-11e4-a52e-4f735466cecf": "f.09643D26C980EE3F9243D89232E1DC50.d.EE4A2F72DC77E2AE584930D80A84C226.e.192"
}, {
   "element-6066-11e4-a52e-4f735466cecf": "f.09643D26C980EE3F9243D89232E1DC50.d.EE4A2F72DC77E2AE584930D80A84C226.e.193"
}, "..." ]
[1769348418.365][INFO]: [1e77314e97872a2af36918fc5b52ba15] COMMAND GetElementText {
   "id": "f.09643D26C980EE3F9243D89232E1DC50.d.EE4A2F72DC77E2AE584930D80A84C226.e.176"
}
[1769348418.365][INFO]: Waiting for pending navigations...
[1769348418.413][INFO]: Done waiting for pending navigations. Status: ok
[1769348418.480][INFO]: Waiting for pending navigations...
[1769348418.484][INFO]: Done waiting for pending navigations. Status: ok
[1769348418.484][INFO]: [1e77314e97872a2af36918fc5b52ba15] RESPONSE GetElementText "Bhonsale Knowledge City: A Knowledge Ecosystem for Tomorrow's Leaders | Prudent | 260126 In this special feature we visit Bhonsale Knowledge City & try to find out more about the institutions. Lt. ..."
[1769348418.488][INFO]: [1e77314e97872a2af36918fc5b52ba15] COMMAND GetElementText {
   "id": "f.09643D26C980EE3F9243D89232E1DC50.d.EE4A2F72DC77E2AE584930D80A84C226.e.129"
}
[1769348418.488][INFO]: Waiting for pending navigations...
[1769348418.489][INFO]: Done waiting for pending navigations. Status: ok
[1769348418.504][INFO]: Waiting for pending navigations...
[1769348418.505][INFO]: Done waiting for pending navigations. Status: ok
[1769348418.505][INFO]: [1e77314e97872a2af36918fc5b52ba15] RESPONSE GetElementText "1"
[1769348418.509][INFO]: [1e77314e97872a2af36918fc5b52ba15] COMMAND FindElements {
   "using": "xpath",
   "value": "(//span[@id='title' and contains(text(),'Latest news posts')]//ancestor::div[@id='content'])[2]//child::span[@id='vote-count-middle']//ancestor::div[@class='style-scope ytd-rich-item-renderer']//div[@id='author']"
}
[1769348418.509][INFO]: Waiting for pending navigations...
[1769348418.510][INFO]: Done waiting for pending navigations. Status: ok
[1769348418.569][INFO]: Waiting for pending navigations...
[1769348418.592][INFO]: Done waiting for pending navigations. Status: ok
[1769348418.592][INFO]: [1e77314e97872a2af36918fc5b52ba15] RESPONSE FindElements [ {
   "element-6066-11e4-a52e-4f735466cecf": "f.09643D26C980EE3F9243D89232E1DC50.d.EE4A2F72DC77E2AE584930D80A84C226.e.151"
}, {
   "element-6066-11e4-a52e-4f735466cecf": "f.09643D26C980EE3F9243D89232E1DC50.d.EE4A2F72DC77E2AE584930D80A84C226.e.152"
}, {
   "element-6066-11e4-a52e-4f735466cecf": "f.09643D26C980EE3F9243D89232E1DC50.d.EE4A2F72DC77E2AE584930D80A84C226.e.153"
}, {
   "element-6066-11e4-a52e-4f735466cecf": "f.09643D26C980EE3F9243D89232E1DC50.d.EE4A2F72DC77E2AE584930D80A84C226.e.154"
}, {
   "element-6066-11e4-a52e-4f735466cecf": "f.09643D26C980EE3F9243D89232E1DC50.d.EE4A2F72DC77E2AE584930D80A84C226.e.155"
}, {
   "element-6066-11e4-a52e-4f735466cecf": "f.09643D26C980EE3F9243D89232E1DC50.d.EE4A2F72DC77E2AE584930D80A84C226.e.156"
}, {
   "element-6066-11e4-a52e-4f735466cecf": "f.09643D26C980EE3F9243D89232E1DC50.d.EE4A2F72DC77E2AE584930D80A84C226.e.157"
}, {
   "element-6066-11e4-a52e-4f735466cecf": "f.09643D26C980EE3F9243D89232E1DC50.d.EE4A2F72DC77E2AE584930D80A84C226.e.158"
}, {
   "element-6066-11e4-a52e-4f735466cecf": "f.09643D26C980EE3F9243D89232E1DC50.d.EE4A2F72DC77E2AE584930D80A84C226.e.159"
}, {
   "element-6066-11e4-a52e-4f735466cecf": "f.09643D26C980EE3F9243D89232E1DC50.d.EE4A2F72DC77E2AE584930D80A84C226.e.160"
}, {
   "element-6066-11e4-a52e-4f735466cecf": "f.09643D26C980EE3F9243D89232E1DC50.d.EE4A2F72DC77E2AE584930D80A84C226.e.161"
}, {
   "element-6066-11e4-a52e-4f735466cecf": "f.09643D26C980EE3F9243D89232E1DC50.d.EE4A2F72DC77E2AE584930D80A84C226.e.162"
}, {
   "element-6066-11e4-a52e-4f735466cecf": "f.09643D26C980EE3F9243D89232E1DC50.d.EE4A2F72DC77E2AE584930D80A84C226.e.163"
}, {
   "element-6066-11e4-a52e-4f735466cecf": "f.09643D26C980EE3F9243D89232E1DC50.d.EE4A2F72DC77E2AE584930D80A84C226.e.164"
}, {
   "element-6066-11e4-a52e-4f735466cecf": "f.09643D26C980EE3F9243D89232E1DC50.d.EE4A2F72DC77E2AE584930D80A84C226.e.165"
}, {
   "element-6066-11e4-a52e-4f735466cecf": "f.09643D26C980EE3F9243D89232E1DC50.d.EE4A2F72DC77E2AE584930D80A84C226.e.166"
}, {
   "element-6066-11e4-a52e-4f735466cecf": "f.09643D26C980EE3F9243D89232E1DC50.d.EE4A2F72DC77E2AE584930D80A84C226.e.167"
}, {
   "element-6066-11e4-a52e-4f735466cecf": "f.09643D26C980EE3F9243D89232E1DC50.d.EE4A2F72DC77E2AE584930D80A84C226.e.168"
}, {
   "element-6066-11e4-a52e-4f735466cecf": "f.09643D26C980EE3F9243D89232E1DC50.d.EE4A2F72DC77E2AE584930D80A84C226.e.169"
}, "..." ]
[1769348418.597][INFO]: [1e77314e97872a2af36918fc5b52ba15] COMMAND GetElementText {
   "id": "f.09643D26C980EE3F9243D89232E1DC50.d.EE4A2F72DC77E2AE584930D80A84C226.e.153"
}
[1769348418.597][INFO]: Waiting for pending navigations...
[1769348418.617][INFO]: Done waiting for pending navigations. Status: ok
[1769348418.630][INFO]: Waiting for pending navigations...
[1769348418.673][INFO]: Done waiting for pending navigations. Status: ok
[1769348418.673][INFO]: [1e77314e97872a2af36918fc5b52ba15] RESPONSE GetElementText "DT Next"
[1769348418.677][INFO]: [1e77314e97872a2af36918fc5b52ba15] COMMAND FindElements {
   "using": "xpath",
   "value": "(//span[@id='title' and contains(text(),'Latest news posts')]//ancestor::div[@id='content'])[2]//child::span[@id='vote-count-middle']//ancestor::div[@class='style-scope ytd-rich-item-renderer']//yt-formatted-string[@id='home-content-text']"
}
[1769348418.677][INFO]: Waiting for pending navigations...
[1769348418.679][INFO]: Done waiting for pending navigations. Status: ok
[1769348418.717][INFO]: Waiting for pending navigations...
[1769348418.745][INFO]: Done waiting for pending navigations. Status: ok
[1769348418.745][INFO]: [1e77314e97872a2af36918fc5b52ba15] RESPONSE FindElements [ {
   "element-6066-11e4-a52e-4f735466cecf": "f.09643D26C980EE3F9243D89232E1DC50.d.EE4A2F72DC77E2AE584930D80A84C226.e.175"
}, {
   "element-6066-11e4-a52e-4f735466cecf": "f.09643D26C980EE3F9243D89232E1DC50.d.EE4A2F72DC77E2AE584930D80A84C226.e.176"
}, {
   "element-6066-11e4-a52e-4f735466cecf": "f.09643D26C980EE3F9243D89232E1DC50.d.EE4A2F72DC77E2AE584930D80A84C226.e.177"
}, {
   "element-6066-11e4-a52e-4f735466cecf": "f.09643D26C980EE3F9243D89232E1DC50.d.EE4A2F72DC77E2AE584930D80A84C226.e.178"
}, {
   "element-6066-11e4-a52e-4f735466cecf": "f.09643D26C980EE3F9243D89232E1DC50.d.EE4A2F72DC77E2AE584930D80A84C226.e.179"
}, {
   "element-6066-11e4-a52e-4f735466cecf": "f.09643D26C980EE3F9243D89232E1DC50.d.EE4A2F72DC77E2AE584930D80A84C226.e.180"
}, {
   "element-6066-11e4-a52e-4f735466cecf": "f.09643D26C980EE3F9243D89232E1DC50.d.EE4A2F72DC77E2AE584930D80A84C226.e.181"
}, {
   "element-6066-11e4-a52e-4f735466cecf": "f.09643D26C980EE3F9243D89232E1DC50.d.EE4A2F72DC77E2AE584930D80A84C226.e.182"
}, {
   "element-6066-11e4-a52e-4f735466cecf": "f.09643D26C980EE3F9243D89232E1DC50.d.EE4A2F72DC77E2AE584930D80A84C226.e.183"
}, {
   "element-6066-11e4-a52e-4f735466cecf": "f.09643D26C980EE3F9243D89232E1DC50.d.EE4A2F72DC77E2AE584930D80A84C226.e.184"
}, {
   "element-6066-11e4-a52e-4f735466cecf": "f.09643D26C980EE3F9243D89232E1DC50.d.EE4A2F72DC77E2AE584930D80A84C226.e.185"
}, {
   "element-6066-11e4-a52e-4f735466cecf": "f.09643D26C980EE3F9243D89232E1DC50.d.EE4A2F72DC77E2AE584930D80A84C226.e.186"
}, {
   "element-6066-11e4-a52e-4f735466cecf": "f.09643D26C980EE3F9243D89232E1DC50.d.EE4A2F72DC77E2AE584930D80A84C226.e.187"
}, {
   "element-6066-11e4-a52e-4f735466cecf": "f.09643D26C980EE3F9243D89232E1DC50.d.EE4A2F72DC77E2AE584930D80A84C226.e.188"
}, {
   "element-6066-11e4-a52e-4f735466cecf": "f.09643D26C980EE3F9243D89232E1DC50.d.EE4A2F72DC77E2AE584930D80A84C226.e.189"
}, {
   "element-6066-11e4-a52e-4f735466cecf": "f.09643D26C980EE3F9243D89232E1DC50.d.EE4A2F72DC77E2AE584930D80A84C226.e.190"
}, {
   "element-6066-11e4-a52e-4f735466cecf": "f.09643D26C980EE3F9243D89232E1DC50.d.EE4A2F72DC77E2AE584930D80A84C226.e.191"
}, {
   "element-6066-11e4-a52e-4f735466cecf": "f.09643D26C980EE3F9243D89232E1DC50.d.EE4A2F72DC77E2AE584930D80A84C226.e.192"
}, {
   "element-6066-11e4-a52e-4f735466cecf": "f.09643D26C980EE3F9243D89232E1DC50.d.EE4A2F72DC77E2AE584930D80A84C226.e.193"
}, "..." ]
[1769348418.749][INFO]: [1e77314e97872a2af36918fc5b52ba15] COMMAND GetElementText {
   "id": "f.09643D26C980EE3F9243D89232E1DC50.d.EE4A2F72DC77E2AE584930D80A84C226.e.177"
}
[1769348418.750][INFO]: Waiting for pending navigations...
[1769348418.769][INFO]: Done waiting for pending navigations. Status: ok
[1769348418.786][INFO]: Waiting for pending navigations...
[1769348418.820][INFO]: Done waiting for pending navigations. Status: ok
[1769348418.820][INFO]: [1e77314e97872a2af36918fc5b52ba15] RESPONSE GetElementText "On the Tamil Martyrs' Day, Chief Minister MK Stalin unveiled statues of the first Tamil Martyrs Thalamuthu and Natarajan at Moolakothalam in Chennai. Earlier in the day, the chief minister, along w..."
[1769348418.825][INFO]: [1e77314e97872a2af36918fc5b52ba15] COMMAND CloseWindow {
}
[1769348419.137][INFO]: [1e77314e97872a2af36918fc5b52ba15] RESPONSE CloseWindow [  ]
